[0mAlright.. I know this is a stupid thing to do.. but.. heres how you draw like 
salvationx (as if you wanted to). it isnt meant to be instructional.. i just
did it so you could see how I do an ansi from step one to the finished product
and so on.  I only hope that maybe it'll help some of you out.
-----

First you should start with a grey screen.. this way its like youre drawing
on paper.. instead of black space.  I like this method best because it's kinda
like just drawing the comic on paper.. except your using blocks instead of a 
pencil.  However, if you use the blocks like a pencil, ie: dont see them as a 
block but rather as a whole line as in pencil.

ЫЫЫЫЫЫЫЫЫЫЫЫЫЫЫЫЫЫЫЫЫЫЫЫЫЫЫЫЫЫЫЫЫЫЫЫЫЫЫЫЫЫЫЫЫЫЫЫЫЫЫЫЫЫЫЫЫЫЫЫЫЫЫЫЫЫЫЫЫЫЫЫЫЫЫЫЫЫ
ЫЫЫЫЫЫЫЫЫЫЫЫЫЫЫЫЫЫЫЫЫЫЫЫЫЫЫЫЫЫЫЫЫЫЫЫЫЫЫЫЫЫЫЫЫЫЫЫЫЫЫЫЫЫЫЫЫЫЫЫЫЫЫЫЫЫЫЫЫЫЫЫЫЫЫЫЫЫ
ЫЫЫЫЫЫЫЫЫЫЫЫЫЫЫЫЫЫЫЫЫЫЫЫЫЫЫЫЫЫЫЫЫЫЫЫЫЫЫЫЫЫЫЫЫЫЫЫЫЫЫЫЫЫЫЫЫЫЫЫЫЫЫЫЫЫЫЫЫЫЫЫЫЫЫЫЫЫ
ЫЫЫЫЫЫЫЫЫЫЫЫЫЫЫЫЫЫЫЫЫЫЫЫЫЫЫЫЫЫЫЫЫЫЫЫЫЫЫЫЫЫЫЫЫЫЫЫЫЫЫЫЫЫЫЫЫЫЫЫЫЫЫЫЫЫЫЫЫЫЫЫЫЫЫЫЫЫ
ЫЫЫЫЫЫЫЫЫЫЫЫЫЫЫЫЫЫЫЫЫЫЫЫЫЫЫЫЫЫЫЫЫЫЫЫЫЫЫЫЫЫЫЫЫЫЫЫЫЫЫЫЫЫЫЫЫЫЫЫЫЫЫЫЫЫЫЫЫЫЫЫЫЫЫЫЫЫ
ЫЫЫЫЫЫЫЫЫЫЫЫЫЫЫЫЫЫЫЫЫЫЫЫЫЫЫЫЫЫЫЫЫЫЫЫЫЫЫЫЫЫЫЫЫЫЫЫЫЫЫЫЫЫЫЫЫЫЫЫЫЫЫЫЫЫЫЫЫЫЫЫЫЫЫЫЫЫ
ЫЫЫЫЫЫЫЫЫЫЫЫЫЫЫЫЫЫЫЫЫЫЫЫЫЫЫЫЫЫЫЫЫЫЫЫЫЫЫЫЫЫЫЫЫЫЫЫЫЫЫЫЫЫЫЫЫЫЫЫЫЫЫЫЫЫЫЫЫЫЫЫЫЫЫЫЫЫ
ЫЫЫЫЫЫЫЫЫЫЫЫЫЫЫЫЫЫЫЫЫЫЫЫЫЫЫЫЫЫЫЫЫЫЫЫЫЫЫЫЫЫЫЫЫЫЫЫЫЫЫЫЫЫЫЫЫЫЫЫЫЫЫЫЫЫЫЫЫЫЫЫЫЫЫЫЫЫ

Like that.

Fill the screen like that.. choose your comic and begin outlining.

ЫЫЫЫЫЫЫЫЫЫЫЫЫЫЫЫЫЫЫЫЫЫЫЫЫЫЫЫЫЫЫЫЫЫЫЫЫЫЫЫЫЫЫЫЫЫЫЫЫЫЫЫЫЫЫЫЫЫЫЫЫЫЫЫЫЫЫЫЫЫЫЫЫЫЫЫЫЫ
ЫЫЫЫЫЫЫЫЫЫЫЫЫЫЫЫЫЫЫЫЫЫЫЫЫЫЫЫЫЫЫЫЫЫЫЫЫЫЫЫЫЫЫЫЫЫЫЫЫЫЫЫЫЫЫЫЫЫЫЫЫЫЫЫЫЫЫЫЫЫЫЫЫЫЫЫЫЫ
ЫЫЫЫЫЫЫЫЫЫЫЫЫЫЫЫЫЫЫЫЫЫЫЫЫЫЫЫЫЯЯЯЯЯЯЯЯЯЯЯЯЯЯЯЯЯЯЯЫЫЫЫЫЫЫЫЫЫЫЫЫЫЫЫЫЫЫЫЫЫЫЫЫЫЫЫЫЫ
ЫЫЫЫЫЫЫЫЫЫЫЫЫЫЫЫЫЫЫЫЫЫЫЫЫЯЯЬЬЫЫЫЫЫЫЫЫЫЫЫЫЫЫЫЫЫЫЫЬЬЬЬЬЯЯЯЫЫЫЫЫЫЫЫЫЫЫЫЫЫЫЫЫЫЫЫЫЫ
ЫЫЫЫЫЫЫЫЫЫЫЫЫЫЫЫЫЫЫЫЫЯЯЬЬЫЫЫЫЫЫЫЫЫЫЫЫЫЫЫЫЫЫЫЫЫЫЫЫЫЫЫЫЫЫЫЬЬЬЯЯЫЫЫЫЫЫЫЫЫЫЫЫЫЫЫЫЫ
ЫЫЫЫЫЫЫЫЫЫЫЫЫЫЫЫЫЯЯЬЬЫЫЫЫЫЫЫЫЫЫЫЫЫЫЫЫЫЫЫЫЫЫЫЫЫЫЫЫЫЫЫЫЫЫЫЫЫЫЫЫЬЬЯЫЫЫЫЫЫЫЫЫЫЫЫЫЫ
ЫЫЫЫЫЫЫЫЫЫЫЫЫЫЫЯЬЫЫЫЫЫЫЫЫЫЫЫЫЫЫЫЫЫЫЫЫЫЫЫЫЫЫЫЫЫЫЫЫЫЫЫЫЫЫЫЫЫЫЫЫЫЫЫЬЯЫЫЫЫЫЫЫЫЫЫЫЫ
ЫЫЫЫЫЫЫЫЫЫЫЫЫЫЯЬЫЫЫЫЫЫЫЫЫЫЫЫЫЫЫЫЫЫЫЫЫЫЫЫЫЫЫЫЫЫЫЫЫЫЫЫЫЫЫЫЫЫЫЫЫЫЫЫЫЫЬЯЫЫЫЫЫЫЫЫЫЫ
ЫЫЫЫЫЫЫЫЫЫЫЫЯЬЫЫЫЫЫЫЫЫЫЫЫЫЫЫЫЫЫЫЫЫЫЫЫЫЫЫЫЫЫЫЫЫЫЫЫЫЫЫЫЫЫЫЫЫЫЫЫЫЫЫЫЫЫЫЬЯЫЫЫЫЫЫЫЫ
ЫЫЫЫЫЫЫЫЫЫЫ[1m [0mЫЫЫЫЫЫЫЫЫЫЫЫЫЫЫЫЫЫЫЫЫЫЫЫЫЫЫЫЫЫЫЫЫЫЫЫЫЫЫЫЫЫЫЫЫЫЫЫЫЫЫЫЫЫЫЫЫЫЬЯЫЫЫЫЫЫ
ЫЫЫЫЫЫЫЫЫЫ[1m [0mЫЫЫЫЫЫЫЫЫЫЫЫЫЫЫЫЯЯЬЬЫЫЫЫЫЫЫЫЫЫЫЫЫЫЫЫЫЫЫЫЫЫЫЫЫЫЫЫЫЫЫЫЫЫЫЫЫЫЫЫЭЮЫЫЫЫЫ
ЫЫЫЫЫЫЫЫЫ[1m [0mЫЫЫЫЫЫЫЫЫЫЫЫЫЯЯЬЬЫЫЫЫЫЫЫЫЫЫЫЫЫЫЫЫЫЫЫЫЫЫЫЫЫЫЫЫЫЫЫЫЫЫЫЫЫЫЫЫЫЫЫЫЫ ЫЫЫЫЫ
ЫЫЫЫЫЫЫЫ[1m [0mЫЫЫЫЫЫЫЫЫЫЫЫЯЬЫЫЫЫЫЫЫЫЫЫЫЫЫЫЫЫЫЫЫЫЫЫЫЫЫЫЫЫЫЫЫЫЫЫЫЫЫЫЫЫЫЫЫЫЫЫЫЫЫЭЮЫЫЫЫ
ЫЫЫЫЫЫЫЭЮЫЫЫЫЫЫЫЫЫЫЯЬЫЫЫЫЫЫЫЫЫЫЫЫЫЫЫЫЫЫЫЫЫЫЫЫЫЫЫЫЫЫЫЫЫЫЫЫЫЫЫЫЫЫЫЫЫЫЫЫЫЫЫЫ ЫЫЫЫ
ЫЫЫЫЫЫЫ[1m [0mЫЫЫЫЫЫЫЫЫЫ ЫЫЫЫЫЫЫЫЫЫЫЫЫЫЫЫЫЫЫЫЫЫЫЫЫЫЫЫЫЫЫЫЫЫЫЫЫЫЫЫЫЫЫЫЫЫЫЫЫЫЫЫЫЫЭЮЫЫЫ
ЫЫЫЫЫЫЫ[1m [0mЫЫЫЫЫЫЫЫЫ ЫЫЫЫЫЫЫЫЫЫЫЫЫЫЫЫЫЫЫЫЫЫЫЫЫЫЫЫЫЫЫЫЫЫЫЫЫЫЫЫЫЫЫЫЫЫЫЫЫЫЫЫЫЫЫЫ ЫЫЫ
ЫЫЫЫЫЫЭЮЫЫЫЫЫЫЫЫ ЫЫЫЫЫЫЫЫЫЫЫЫЫЫЫЫЫЫЫЫЫЫЫЫЫЫЫЫЫЫЫЫЫЫЫЫЫЫЫЫЫЫЫЫЫЫЫЫЫЫЫЫЫЫЫЫЫЭЮЫЫ
ЫЫЫЫЫЫЭЮЫЫЫЫЫЫЫ ЫЫЫЫЫЫЫЫЫЫЫЫЫЫЫЫЫЫЫЫЫЫЫЫЫЫЫЫЫЫЫЫЫЫЫЫЫЫЫЫЫЫЫЫЫЫЫЫЫЫЫЫЫЫЫЫЫЫЭЮЫЫ
ЫЫЫЫЫЫ[1m [0mЫЫЫЫЫЫЫЫ ЫЫЫЫЫЫЫЫЫЫЫЫЫЫЫЫЫЫЫЫЫЫЫЫЫЫЫЫЫЫЫЫЫЫЫЫЫЫЫЫЫЫЫЫЫЫЫЫЫЫЫЫЫЫЫЫЫЫЭЮЫЫ
ЫЫЫЫЫЫ[1m [0mЫЫЫЫЫЫЫ ЫЫЫЫЫЫЫЫЫЫЫЫЫЫЫЫЫЫЫЫЫЫЫЫЫЫЫЫЫЫЫЫЫЫЫЫЫЫЫЫЫЫЫЫЫЫЫЫЫЫЫЫЫЫЫЫЫЫЫ[1m [0mЫЫЫ
ЫЫЫЫЫЭЮЫЫЫЫЫЫЫ ЫЫЫЫЫЫЫЫЫЫЫЫЫЫЫЫЫЫЫЫЫЫЫЫЫЫЫЫЫЫЫЫЫЫЫЫЫЫЫЫЫЫЫЫЫЫЫЫЫЫЫЫЫЫЫЫЫЫЫ[1m [0mЫЫЫ
ЫЫЫЫЫЭЮЫЫЫЫЫЫ ЫЫЫЫЫЫЫЫЫЫЫЫЫЫЫЫЫЫЫЫЫЫЫЫЫЫЫЫЫЫЫЫЫЫЫЫЫЫЫЫЫЫЫЫЫЫЫЫЫЫЫЫЫЫЫЫЫЫЫ[1m [0mЫЫЫЫ
ЫЫЫЫЫ[1m [0mЫЫЫЫЫЫЫ ЫЫЫЫЫЫЫЫЫЫЫЫЫЫЫЫЫЫЫЫЫЫЫЫЫЫЫЫЫЫЫЫЫЫЫЫЫЫЫЫЫЫЫЫЫЫЫЫЫЫЫЫЫЫЫЫЫЫЫ[1m [0mЫЫЫЫ
ЫЫЫЫЭЮЫЫЫЫЫЫЫ ЫЫЫЫЫЫЫЫЫЫЫЫЫЫЫЫЫЫЫЫЫЫЫЫЫЫЫЫЫЫЫЫЫЫЫЫЫЫЫЫЫЫЫЫЫЫЫЫЫЫЫЫЫЫЫЫЫЫЭЮЫЫЫЫ
ЫЫЫЯЬЫЫЫЫЫЫЫ ЫЫЫЫЫЫЫЫЫЫЫЫЫЫЫЫЫЫЫЫЫЫЫЫЫЫЫЫЫЫЫЫЫЫЫЫЫЫЫЫЫЫЫЫЫЫЫЫЫЫЫЫЫЫЫЫЫЫЫЭЮЫЫЫЫ
ЯЯЬЫЫЫЫЫЫЫЫЫ ЫЫЫЫЫЫЫЫЫЫЫЫЫЫЫЫЫЫЫЫЫЫЫЫЫЫЫЫЫЫЫЫЫЫЫЫЫЫЫЫЫЫЫЫЫЫЫЫЫЫЫЫЫЫЫЫЫЫЫ[1m [0mЫЫЫЫЫ
ЫЫЫЫЫЫЫЫЫЫЫЫ ЫЫЫЫЫЫЫЫЫЫЫЫЫЫЫЫЫЫЫЫЫЫЫЫЫЫЫЫЫЫЫЫЫЫЫЫЫЫЫЫЫЫЫЫЫЫЫЫЫЫЫЫЫЫЫЫЫЫЫ[1m [0mЫЫЫЫЫ
ЫЫЫЫЫЫЫЫЫЫЫЫЫ ЫЫЫЫЫЫЫЫЫЫЫЫЫЫЫЫЫЫЫЫЫЫЫЫЫЫЫЫЫЫЫЫЫЫЫЫЫЫЫЫЫЫЫЫЫЫЫЫЫЫЫЫЫЫЫЫЫЫ[1m [0mЫЫЫЫЫ
ЫЫЫЫЫЫЫЫЫЫЫЫЫ ЫЫЫЫЫЫЫЫЫЫЫЫЫЫЫЫЫЫЫЫЫЫЫЫЫЫЫЫЫЫЫЫЫЫЫЫЫЫЫЫЫЫЫЫЫЫЫЫЫЫЫЫЫЫЫЫЯЬЫЫЫЫЫЫ
ЫЫЫЫЫЫЫЫЫЫЫЫЫЫ ЫЫЫЫЫЫЫЫЫЫЫЫЫЫЫЫЫЫЫЫЫЫЫЫЫЫЫЫЫЫЫЫЫЫЫЫЫЫЫЫЫЫЫЫЫЫЫЫЫЫЫЫЫЯЬЫЫЫЫЫЫЫЫ
ЫЫЫЫЫЫЫЫЫЫЫЫЫЫ ЫЫЫЫЫЫЫЫЫЫЫЫЫЫЫЫЫЫЫЫЫЫЫЫЫЫЫЫЫЫЫЫЫЫЫЫЫЫЫЫЫЫЫЫЫЫЫЫЫЫЫЫ[1m [0mЫЫЫЫЫЫЫЫЫЫ
ЫЫЫЫЫЫЫЫЫЫЫЫЫЫ ЫЫЫЫЫЫЫЫЫЫЫЫЫЫЫЫЫЫЫЫЫЫЫЫЫЫЫЫЫЫЫЫЫЫЫЫЫЫЫЫЫЫЫЫЫЫЫЫЫЫЫЫЭЮЫЫЫЫЫЫЫЫЫ
ЫЫЫЫЫЫЫЫЫЫЫЫЫЫ ЫЫЫЫЫЫЫЫЫЫЫЫЫЫЫЫЫЫЫЫЫЫЫЫЫЫЫЫЫЫЫЫЫЫЫЫЫЫЫЫЫЫЫЫЫЫЫЫЫЫЫЫЭЮЫЫЫЫЫЫЫЫЫ
ЫЫЫЫЫЫЫЫЫЫЫЫЫЫЭЮЫЫЫЫЫЫЫЫЫЫЫЫЫЫЫЫЫЫЫЫЫЫЫЫЫЫЫЫЫЫЫЫЫЫЫЫЫЫЫЫЫЫЫЫЫЫЫЫЫЫЫ[1m [0mЫЫЫЫЫЫЫЫЫЫ
ЫЫЫЫЫЫЫЫЫЫЫЫЫЫЫ ЫЫЫЫЫЫЫЫЫЫЫЫЫЫЫЫЫЫЫЫЫЫЫЫЫЫЫЫЫЫЫЫЫЫЫЫЫЫЫЫЫЫЫЫЫЫЫЫЫЫ[1m [0mЫЫЫЫЫЫЫЫЫЫЫ
ЫЫЫЫЫЫЫЫЫЫЫЫЫЫЫЭЮЫЫЫЫЫЫЫЫЫЫЫЫЫЫЫЫЫЫЫЫЫЫЫЫЫЫЫЫЫЫЫЫЫЫЫЫЫЫЫЫЫЫЫЫЫЫЫЫ[1m [0mЫЫЫЫЫЫЫЫЫЫЫЫ
ЫЫЫЫЫЫЫЫЫЫЫЫЫЫЫЫ ЫЫЫЫЫЫЫЫЫЫЫЫЫЫЫЫЫЫЫЫЫЫЫЫЫЫЫЫЫЫЫЫЫЫЫЫЫЫЫЫЫЫЫЫЫЫЫ[1m [0mЫЫЫЫЫЫЫЫЫЫЫЫЫ
ЫЫЫЫЫЫЫЫЫЫЫЫЫЫЫЫЭЮЫЫЫЫЫЫЫЫЫЫЫЫЫЫЫЫЫЫЫЫЫЫЫЫЫЫЫЫЫЫЫЫЫЫЫЫЫЫЫЫЫЫЫЫЫ ЫЫЫЫЫЫЫЫЫЫЫЫЫЫ
ЫЫЫЫЫЫЫЫЫЫЫЫЫЫЫЫЫ ЫЫЫЫЫЫЫЫЫЫЫЫЫЫЫЫЫЫЫЫЫЫЫЫЫЫЫЫЫЫЫЫЫЫЫЫЫЫЫЫЫЫЫЫ[1m [0mЫЫЫЫЫЫЫЫЫЫЫЫЫЫЫ
ЫЫЫЫЫЫЫЫЫЫЫЫЫЫЫЫЫЭЮЫЫЫЫЫЫЫЫЫЫЫЫЫЫЫЫЫЫЫЫЫЫЫЫЫЫЫЫЫЫЫЫЫЫЫЫЫЫЫЫЫЫ[1m [0mЫЫЫЫЫЫЫЫЫЫЫЫЫЫЫЫ
ЫЫЫЫЫЫЫЫЫЫ ЫЫЫЫЫЫЫ ЫЫЫЫЫЫЫЫЫЫЫЫЫЫЫЫЫЫЫЫЫЫЫЫЫЫЫЫЫЫЫЫЫЫЫЫЫЫЫЫЫ[1m [0mЫЫЫЫЫЫЫЫЫЫЫЫЫЫЫЫЫ
ЫЫЫЫЫЫЫЫЫЫЭЮЫЫЫЫЫЫ ЬЯЫЫЫЫЫЫЫЫЫЫЫЫЫЫЫЫЫЫЫЫЫЫЫЫЫЫЫЫЫЫЫЫЫЫЫЫЫЫ[1m [0mЫЫЫЫЫЫЫЫЫЫЫЫЫЫЫЫЫЫ
ЫЫЫЫЫЫЫЫЫЫЫ ЫЫЫЫЫ ЫЫЫЬЯЫЫЫЫЫЫЫЫЫЫЫЫЫЫЫЫЫЫЫЫЫЫЫЫЫЫЫЫЫЫЫЫЫЫЯЬЫЫЫЫЫЫЫЫЫЫЫЫЫЫЫЫЫЫЫ
ЫЫЫЫЫЫЫЫЫЫЫЫЬЯЫЫ ЫЫЫЫЫЫЬЯЫЫЫЫЫЫЫЫЫЫЫЫЫЫЫЫЫЫЫЫЫЫЫЫЫЫЫЫЫЫЯЬЫЫЫЫЫЫЫЫЫЫЫЫЫЫЫЫЫЫЫЫЫ
ЫЫЫЫЫЫЫЫЫЫЫЫЫЫ  ЫЫЫЫЫЫЫЫЫЬЯЫЫЫЫЫЫЫЫЫЫЫЫЫЫЫЫЫЫЫЫЫЫЫЫЫЫЯЬЫЫЫЫЫЫЫЫЫЫЫЫЫЫЫЫЫЫЫЫЫЫЫ
ЫЫЫЫЫЫЫЫЫЫЫЫЫЫ ЬЯЫЫЫЫЫЫЫЫЫЫЬЯЫЫЫЫЫЫЫЫЫЫЫЫЫЫЫЫЫЫЫЫЫЫЯЬЫЫЫЫЫЫЫЫЫЫЫЫЫЫЫЫЫЫЫЫЫЫЫЫЫ
ЫЫЫЫЫЫЫЫЫЫЫЫЫ ЫЫЫЬЯЫЫЫЫЫЫЫЫЫЫЬЬЯЯЯЫЫЫЫЫЫЫЫЫЫЫЫЫЫЫЯЬЫЫЫЫЫЫЫЫЫЫЫЫЫЫЫЫЫЫЫЫЫЫЫЫЫЫЫ
ЫЫЫЫЫЫЫЫЫЫЫЯЬЫЫЫЫЫЫЬЯЫЫЫЫЫЫЫЫЫЫЫЫЫЬЬЬЯЯЯЯЫЫЫЫЫЫЯЬЫЫЫЫЫЫЫЫЫЫЫЫЫЫЫЫЫЫЫЫЫЫЫЫЫЫЫЫЫ
ЫЫЫЫЫЫЫЫЫЯЬЫЫЫЫЫЫЫЫЫЫЬЯЫЫЫЫЫЫЫЫЫЫЫЯЬЫЫЫЫЫЬЬЬЬЬЬЫЫЫЫЫЫЫЫЫЫЫЫЫЫЫЫЫЫЫЫЫЫЫЫЫЫЫЫЫЫЫ
ЫЫЫЫЫЯЯЬЬЫЫЫЫЫЫЫЫЫЫЫЫЫЫЬЬЯЯЫЫЫЫЫЫЭЮЫЫЫЫЫЫЫЫЫЫЫЫЫЫЫЫЫЫЫЫЫЫЫЫЫЫЫЫЫЫЫЫЫЫЫЫЫЫЫЫЫЫЫ
ЫЯЯЬЬЫЫЫЫЫЫЫЫЫЫЫЫЫЫЫЫЫЫЫЫЫЫЬЬЬЯЯЯ[1m [0mЫЫЫЫЫЫЫЫЫЫЫЫЫЫЫЫЫЫЫЫЫЫЫЫЫЫЫЫЫЫЫЫЫЫЫЫЫЫЫЫЫЫЫЫ
 ЫЫЫЫЫЫЫЫЫЫЫЫЫЫЫЫЫЫЫЫЫЫЫЫЫЫЫЫЫЫЫ[1m [0mЫЬЯЫЫЫЫЫЫЫЫЫЫЫЫЫЫЫЫЫЫЫЫЫЫЫЫЫЫЫЫЫЫЫЫЫЫЫЫЫЫЫЫЫЫ
Ы ЫЫЫЫЫЫЫЫЫЫЫЫЫЫЫЫЫЫЫЫЫЫЫЫЫЫЫЫЫ[1m [0mЫЫЫЫЬЯЫЫЫЫЫЫЫЫЫЫЫЫЫЫЫЫЫЫЫЫЫЫЫЫЫЫЫЫЫЫЫЫЫЫЫЫЫЫЫЫ
ЫЫ ЫЫЫЫЫЫЫЫЫЫЫЫЫЫЫЫЫЫЫЫЫЫЫЫЫЫЫ ЫЫЫЫЫЫЫЬЯЫЫЫЫЫЫЫЫЫЫЫЫЫЫЫЫЫЫЫЫЫЫЫЫЫЫЫЫЫЫЫЫЫЫЫЫЫЫ
ЫЫЫ ЫЫЫЫЫЫЫЫЫЫЫЫЫЫЫЫЫЫЫЫЫЫЫЫЫ ЫЫЫЫЫЫЫЫЫЫЬЯЫЫЫЫЫЫЫЫЫЫЫЫЫЫЫЫЫЫЫЫЫЫЫЫЫЫЫЫЫЫЫЫЫЫЫЫ
ЫЫЫЫ ЫЫЫЫЫЫЫЫЫЫЫЫЫЫЫЫЫЫЫЫЫЫЫ ЫЫЫЫЫЫЫЫЫЫЫЫЫЬЯЫЫЫЫЫЫЫЫЫЫЫЫЫЫЫЫЫЫЫЫЫЫЫЫЫЫЫЫЫЫЫЫЫЫ
ЫЫЫЫЫ ЫЫЫЫЫЫЫЫЫЫЫЫЫЫЫЫЫЫЫЫЫ ЫЫЫЫЫЫЫЫЫЫЫЫЫЫЫЫЬЯЫЫЫЫЫЫЫЫЫЫЫЫЫЫЫЫЫЫЫЫЫЫЫЫЫЫЫЫЫЫЫЫ
ЫЫЫЫЫЫ ЫЫЫЫЫЫЫЫЫЫЫЫЫЫЫЫЫЫЫ ЫЫЫЫЫЫЫЫЫЫЫЫЫЫЫЫЫЫЫЬЯЯЫЫЫЫЫЫЫЫЫЫЫЫЫЫЫЫЫЫЫЫЫЫЫЫЫЫЫЫЫ
ЫЫЯЬЬЬЬ[1m [0mЫЫЫЫЫЫЫЫЫЫЫЫЫЫЫЫЫ ЫЫЫЫЫЫЫЫЫЫЫЫЫЫЫЫЫЫЫЫЫЫЫЬЬ ЫЫЫЫЫЫЫЫЫЫЫЫЫЫЫЫЫЫЫЫЫЫЫЫЫЫ
ЯЬЫЫЫЫЫЫ[1m [0mЫЫЫЫЫЫЫЫЫЫЫЫЫЫЫ ЫЫЫЫЫЫЫЫЫЫЫЫЫЫЫЫЫЫЫЫЫЫЫЫЫ ЫЫЫЫЫЫЫЫЫЫЫЫЫЫЫЫЫЫЫЫЫЫЫЫЫЫЫ
ЫЫЫЫЫЫЫЫЫ[1m [0mЫЫЫЫЫЫЫЫЫЫЫЫЫ ЫЫЫЫЫЫЫЫЫЫЫЫЫЫЫЫЫЫЫЫЫЫЫЫЯЬЫЫЫЫЫЫЫЫЫЫЫЫЫЫЫЫЫЫЫЫЫЫЫЫЫЫЫЫ
ЫЫЫЫЫЫЫЫЫЫ[1m [0mЫЫЫЫЫЫЫЫЫЫЫ ЫЫЫЫЫЫЫЫЫЫЫЫЫЫЫЫЫЫЫЫЫЫЫЯЬЫЫЫЫЫЫЫЫЫЫЫЫЫЫЫЫЫЫЫЫЫЫЫЫЫЫЫЫЫЫ
ЫЫЫЫЫЫЫЫЫЫЫ[1m [0mЫЫЫЫЫЫЫЫЫ ЫЫЫЫЫЫЫЫЫЫЫЫЫЫЫЫЫЫЫЫЫЫЫ[1m [0mЫЫЫЫЫЫЫЫЫЫЫЫЫЫЫЫЫЫЫЫЫЫЫЫЫЫЫЫЫЫЫЫ
[20C 
i almost always start off with the shape itself.. without *ANY* detail.  I
know it might be confusing now.. but it works out in the end.
After this.. start making the definitive marks as to where stuff is INSIDE 
your basic outline.

ЫЫЫЫЫЫЫЫЫЫЫЫЫЫЫЫЫЫЫЫЫЫЫЫЫЫЫЫЫЫЫЫЫЫЫЫЫЫЫЫЫЫЫЫЫЫЫЫЫЫЫЫЫЫЫЫЫЫЫЫЫЫЫЫЫЫЫЫЫЫЫЫЫЫЫЫЫЫ
ЫЫЫЫЫЫЫЫЫЫЫЫЫЫЫЫЫЫЫЫЫЫЫЫЫЫЫЫЫЫЫЫЫЫЫЫЫЫЫЫЫЫЫЫЫЫЫЫЫЫЫЫЫЫЫЫЫЫЫЫЫЫЫЫЫЫЫЫЫЫЫЫЫЫЫЫЫЫ
ЫЫЫЫЫЫЫЫЫЫЫЫЫЫЫЫЫЫЫЫЫЫЫЫЫЫЫЫЫЯЯЯЯЯЯЯЯЯЯЯЯЯЯЯЯЯЯЯЫЫЫЫЫЫЫЫЫЫЫЫЫЫЫЫЫЫЫЫЫЫЫЫЫЫЫЫЫЫ
ЫЫЫЫЫЫЫЫЫЫЫЫЫЫЫЫЫЫЫЫЫЫЫЫЫЯЯЬЬЫЫЫЫЫЫЫЫЫЫЫЫЫЫЫЫЫЫЫЬЬЬЬЬЯЯЯЯЫЫЫЫЫЫЫЫЫЫЫЫЫЫЫЫЫЫЫЫЫ
ЫЫЫЫЫЫЫЫЫЫЫЫЫЫЫЫЫЫЫЫЫЯЯЬЬЫЫЫЫЫЫЫЫЫЫЫЫЫЫЫЫЫЫЫЫЫЫЫЫЫЫЫЫЫЫЫЫЬЬЬЯЯЫЫЫЫЫЫЫЫЫЫЫЫЫЫЫЫ
ЫЫЫЫЫЫЫЫЫЫЫЫЫЫЫЫЫЯЯЬЬЫЫЫЫЫЫЫЫЫЫЫЫЫЫЫЫЫЫЫЫЫЫЫЫЫЫЫЫЫЫЫЫЫЫЫЫЫЫЫЫЫЬЬЯЫЫЫЫЫЫЫЫЫЫЫЫЫ
ЫЫЫЫЫЫЫЫЫЫЫЫЫЫЫЯЬЫЫЫЫЫЫЫЫЫЫЫЫЫЫЫЫЫЫЫЫЫЫЫЫЫЫЫЫЫЫЫЫЫЫЫЫЫЫЫЫЫЫЫЫЫЫЫЫЬЯЫЫЫЫЫЫЫЫЫЫЫ
ЫЫЫЫЫЫЫЫЫЫЫЫЫЫЯЬЫЫЫЫЫЫЫЫЫЫЫЫЫЫЫЫЫЫЫЫЫЫЫЫЫЫЫЫЫЫЫЫЫЫЫЫЫЫЫЫЫЫЫЫЫЫЫЫЫЫЫЬЯЫЫЫЫЫЫЫЫЫ
ЫЫЫЫЫЫЫЫЫЫЫЫЯЬЫЫЫЫЫЫЫЫЫЫЫЫЫЫЫЫЫЫЫЫЫЫЫЫЫЫЫЫЫЫЫЫЫЫЫЫЫЫЫЫЫЫЫЫЫЫЫЫЫЫЫЫЫЫЫЬЯЫЫЫЫЫЫЫ
ЫЫЫЫЫЫЫЫЫЫЫ[1m [0mЫЫЫЫЫЫЫЫЫЫЫЫЫЫЫЫЫЫЫЫЫЫЫЫЫЫЫЫЫЫЫЫЫЫЫЫЫЫЫЫЫЫЫЫЫЫЫЫЫЫЫЫЫЫЫЫЫЫЫ ЫЫЫЫЫЫ
ЫЫЫЫЫЫЫЫЫЫ[1m [0mЫЫЫЫЫЫЫЫЫЫЫЫЫЫЫЫЫЫЫЫЫЫЫЫЫЫЫЫЫЫЫЫЫЫЫЫЫЫЫЫЫЫЫЫЫЫЫЫЫЫЫЫЫЫЫЫЫЫЫЫЭЮЫЫЯ Ы
ЫЫЫЫЫЫЫЫЫ[1m [0mЫЫЫЫЫЫЫЫЫЫЫЫЫЫЫЫЫЫЫЫЫЫЫЯЯЯЯЯЫЫЫЯЯЯЯЯЯЯЯЯЯЯЯЯЯЯЯЯЯЫЫЫЫЫЫЫЫЫЫЫЫЫ[1m [0m ЬЬ Ы
ЫЫЫЫЫЫЫЫ[1m [0mЫЫЫЫЫЫЫЫЫЫЫЫЫЫЫЫЫЫЫЫЫЫЯЬЫЫЫЫ ЯЬЬЫЫЯ[1m [0mЬЫЫЫЫЫЫЫЫЫЫЫЫЫЬЬЯЯЯЫЫЫЫЫЫЫЫЫЫЫ[1m [0mЮЫ
ЫЫЫЫЫЫЫЭЮЫЫЫЫЫЫЫЫЫЫЫЫЫЫЫЫЫЫЫЫЫЭЮЫЫЫЫ[1m [0mЬЫЫЫЫ[1m  [0mЫЫЫЫЫЫЫЫЫЫЫЫЫЫЫЫЫЫЫЫЬЬЬЯЯЫЫЫЫЫ[1m  [0mЫЫ
ЫЫЫЫЫЫЫ[1m [0mЫЫЫЫЫЫЫЫЫЫЫЫЫЫЫЫЫЫЫЫЫЫ[1m [0mЫЫЫЫЫЫЫЫЫЫ[1m  [0mЫЫЫЫЫЫЫЫЫЫЫЫЫЫЫЫЫЫЫЫЫЫЫЫЫЫЬЬЯЫ[1m   [0mЫЫ
ЫЫЫЫЫЫЫ[1m [0mЫЫЫЫЫЫЫЫЫЫЫЫЫЫЫЫЫЫЫЫЫЭЮЫЫЫЫЫЫЫЫЫ[1m  [0mЫЫЫЫЫЫЫЫЫЫЫЫЫЫЫЫЫЫЫЫЫЫЫЫЫЫЫЫЫЫЬ[1m  [0mЮЫЫ
ЫЫЫЫЫЫЭЮЫЫЫЫЫЫЫЫЫЫЫЫЫЫЫЫЫЫЫЫЫ[1m [0mЫЫЫЫЫЫЫЫЫЭ[1m [0mЫЫЫЫЫЫЫЫЫЫЫЫЫЫЫЫЫЫЫЫЫЫЫЫЫЫЫЫЫЫЫЫЭ[1m [0mЮЫЫ
ЫЫЫЫЫЫЭЮЫЫЫЫЫЫЫЫЫЫЫЫЫЫЫЫЫЫЫЫЭЮЫЫЫЫЫЫЫЫЫ[1m  [0mЮЫЫЫЫЫЫЫЫЫЫЫЫЫЫЫЫЫЫЫЫЫЫЫЫЫЫЫЫЫЫЫЫ[1m [0mЮЫЫ
ЫЫЫЫЫЫ[1m [0mЫЫЫЫЯЯЯЯЫЫЫЫЫЫЫЫЫЫЫЫЫ ЫЫЫЫЫЫЫЫЫЭ[1m [0mЭ[1m [0mЫЫЫЫЫЫЫЫЫЫЫЫЫЫЫЫЫЫЫЫЫЫЫЫЫЫЫЫЫЫЫЫ[1m [0mЮЫЫ
ЫЫЫЫЫЫ[1m [0mІЯЬЬЫЯЯЫЬЬЯЫЫЫЫЫЫЫЫЯЬЫЫЫЫЫЫЫЫЫЫЭ[1m [0mЮЬ[1m [0mЯЫЫЫЫЫЫЫЫЫЫЫЫЫЫЫЫЫЫЫЫЫЫЫЫЫЫЫЫЫЭ[1m [0mЫЫЫ
ЫЫЫЫЫЭ[1m  [0mЫЯЬЬЯЯЬ[1m [0mЫЭЮЫЫЫЫЫЯЬЫЫЫЫЫЫЫЫЫЫЫЫЫЬ[1m [0mЯЫЬЬЫЯЫЫЫЫЫЫЫЫЫЫЫЫЫЫЫЫЫЫЫЫЫЫЫЫЫЫЭ[1m [0mЫЫЫ
ЫЫЫЫЫЭ[1m [0mЯ[1m  [0mЬЬЫЭЮЭЮЫ[1m [0mЫЫЫЯЬЫЫЫЫЫЫЫЫЫЫЫЫЫЫЫЫЫЬЬЯЯЫЫЫЫЫЫЫЫЫЫЫЫЫЫЫЫЫЫЫЫЫЫЫЫЫЫЫЫ[1m [0mЮЫЫЫ
ЫЫЫЫЫ[1m  [0mЬЫЫЫЯЯЯ[1m [0mЯ[1m [0mЯ[1m [0mІЯЬЫЫЫЫЫЫЫЫЫЫЫЫЫЫЫЫЫЫЫЫЫЫЫЫЫЫЫЫЫЫЫЫЫЫЫЫЫЫЫЫЫЫЫЫЫЫЫЫЫЫЫ[1m [0mЮЫЫЫ
ЫЫЫЫЭ[1m [0mЮЫЯЬЬЫЯЯЬЫЭ[1m   [0mЫЫЫЫЫЫЫЫЫЫЫЫЫЫЫЫЫЫЫЫЫЫЫЫЫЫЫЫЫЫЫЫЫЫЫЫЫЫЫЫЫЫЫЫЫЫЫЫЫЫЫЫЭ[1m [0mЫЫЫЫ
ЫЯЯЯ [1m [0mЫЭ[1m [0mЬЬ[1m [0mЮЫЫЫЫЯЬЫЫЫЫЫЫЫЫЫЫЫЫЫЫЫЫЫЫЫЫЫЫЫЫЫЫЫЫЫЫЫЫЫЫЫЫЫЫЫЫЫЫЫЫЫЫЫЫЫЫЫЫЫЭ[1m [0mЫЫЫЫ
ЬЫЫЫЫ[1m [0mЫ[1m [0mЮЯЯЯ[1m [0mЫЫЯЬЫЫЫЫЫЫЫЫЫЫЫЫЫЫЫЫЫЫЫЫЫЫЫЫЫЫЫЫЫЫЫЫЫЫЫЫЫЫЫЫЫЫЫЫЫЫЫЫЫЫЫЫЫЫЫ[1m [0mЮЫЫЫЫ
ЫЫЫЫЫЭЮЭ[1m [0mЬЬЯЬЯЬЫЫЫЫЫЫЫЫЫЫЫЫЫЫЫЫЫЫЫЫЫЫЫЫЫЫЫЫЫЫЫЫЫЫЫЫЫЫЫЫЫЫЫЫЫЫЫЫЫЫЫЫЫЫЫЫЫ[1m [0mЮЫЫЫЫ
ЫЫЫЫЫЫ[1m [0mЫЬЬЫЯЬЫЫЫЫЫЫЫЫЫЫЫЫЫЫЫЫЫЫЫЫЫЫЫЫЫЫЫЫЫЫЫЫЫЫЫЫЫЫЫЫЫЫЫЫЫЫЫЫЫЫЫЫЫЫЫЫЫЫ [1m [0mЮЫЫЫЫ
ЫЫЫЫЫЫЬ[1m [0mЯЯЬЫЫЫЫЫЫЫЫЫЫЫЫЫЫЫЫЫЫЫЫЫЫЫЫЫЫЫЫЫЫЫЫЫЫЫЫЫЫЫЫЫЫЫЫЫЫЫЫЫЫЫЫЫЫЫЫЫЫЫ [1m [0mЫЫЫЫЫЫ
ЫЫЫЫЫЫЫЫ ЬЫЫЫЫЫЫЫЫЫЫЫЫЫЫЫЫЫЫЫЫЫЫЫЫЫЫЫЫЫЫЫЫЫЫЫЫЫЫЫЫЫЫЫЫЫЫЫЫЫЫЫЫЫЫЫЫЫЫЫ[1m  [0mЬЫЫЫЫЫЫ
ЫЫЫЫЫЫЫ[1m [0mЫЫЫЯЫЫЫЫЫЫЫЫЫЫЫЫЫЫЫЫЫЫЫЫЫЫЫЫЫЫЫЫЫЫЫЫЫЫЫЫЫЫЫЫЫЫЫЫЫЫЫЫЫЫЫЫЫЫЫЫЭ[1m [0mЮЫЫЫЫЫЫЫ
ЫЫЫЫЫЫЭЮЫЫЭ[1m [0mЫЫЫЫЫЫЫЫЫЫЫЫЫЫЫЫЫЫЫЫЫЫЫЫЫЫЫЫЫЫЫЫЫЫЫЫЫЫЫЫЫЫЫЫЫЫЫЫЫЫЫЫЫЫЫЫ[1m  [0mЫЫЫЫЫЫЫЫ
ЫЫЫЫЫЫ[1m [0mЫЫЫЭ[1m [0mЫЫЫЫЫЫЫЫЫЫЫЫЫЫЫЫЫЫЫЫЫЫЫЫЫЫЫЫЫЫЫЫЫЫЫЫЫЫЫЫЫЫЫЫЫЫЫЫЫЫЫЫЫЫЫЭ[1m [0mЮЫЫЫЫЫЫЫЫ
ЫЫЫЫЫЭЮЫЫЫЭ[1m [0mЫЫЫЫЫЫЫЫЫЫЫЫЫЫЫЫЫЫЫЫЫЫЫЫЫЫЫЫЫЫЫЫЫЫЫЫЫЫЫЫЫЫЫЫЫЫЫЫЫЫЫЫЫЫЫ[1m  [0mЫЫЫЫЫЫЫЫЫ
ЫЫЫЫЫ[1m [0mЫЫЫЫЭ[1m [0mЫЫЫЫЫЫЫЫЫЫЫЫЫЫЫЫЫЫЫЫЫЫЫЫЫЫЫЫЫЫЫЫЫЫЫЫЫЫЫЫЫЫЫЫЫЫЫЫЫЫЫЫЫЫ[1m  [0mЫЫЫЫЫЫЫЫЫЫ
ЫЫЫЫЭЮЫЫЫЫЭ[1m [0mЮЫЫЫЫЫЫЫЫЫЫЫЫЫЫЫЫЫЫЫЫЫЫЫЫЫЫЫЫЫЫЫЫЫЫЫЫЫЫЫЫЫЫЫЫЫЫЫЫЫЫЫЫ[1m  [0mЫЫЫЫЫЫЫЫЫЫЫ
ЫЫЫЫ[1m [0mЫЫЫЫЫЫ[1m  [0mЫЫЫЫЫЫЫЫЫЫЫЫЫЫЫЫЫЫЫЫЫЫЫЫЫЫЫЫЫЫЫЫЫЫЫЫЫЫЫЫЫЫЫЫЫЫЫЫЫЫЫ[1m  [0mЫЫЫЫЫЫЫЫЫЫЫЫ
ЫЫЫЭЮЫЫЫЫЫЫЬ[1m  [0mЫЫЫЫЫЫЫЫЫЫЫЫЫЫЫЫЫЫЫЫЫЫЫЫЫЫЫЫЫЫЫЫЫЫЫЫЫЫЫЫЫЫЫЫЫЫЫЫЫ [1m [0mЫЫЫЫЫЫЫЫЫЫЫЫЫ
ЫЫЯЬЫЫЫЫЫЫЫЫЬ[1m  [0mЯЫЫЫЫЫЫЫЫЫЫЫЫЫЫЫЫЫЫЫЫЫЫЫЫЫЫЫЫЫЫЫЫЫЫЫЫЫЫЫЫЫЫЫЫЫЫ[1m  [0mЫЫЫЫЫЫЫЫЫЫЫЫЫЫ
ЯЬЫЫЫЫЫЫЫЫЫЫЫЬ[1m   [0mЯЫЫЫЫЫЫЫЫЫЫЫЫЫЫЫЫЫЫЫЫЫЫЫЫЫЫЫЫЫЫЫЫЫЫЫЫЫЫЫЫЫЫЫ[1m  [0mЫЫЫЫЫЫЫЫЫЫЫЫЫЫЫ
°ІЫЫЫЫЫЫЫЫЫЫЫЫЬ[1m    [0mЯЫЫЫЫЫЫЫЫЫЫЫЫЫЫЫЫЫЫЫЫЫЫЫЫЫЫЫЫЫЫЫЫЫЫЫЫЫЫЫЫ[1m  [0mЫЫЫЫЫЫЫЫЫЫЫЫЫЫЫЫ
[1m [0mІЫЫЫЫЫЫЫЫЫЫЫЫЫЬ[1m     [0mЯЫЫЫЫЫЫЫЫЫЫЫЫЫЫЫЫЫЫЫЫЫЫЫЫЫЫЫЫЫЫЫЫЫЫЫЫЫ[1m  [0mЫЫЫЫЫЫЫЫЫЫЫЫЫЫЫЫЫ
[1m  [0mЫЫЫЫЫЫЫЫЫЫЫЫЫЫЬ[1m      [0mЯЫЫЫЫЫЫЫЫЫЫЫЫЫЫЫЫЫЫЫЫЫЫЫЫЫЫЫЫЫЫЫЫЫЯ[1m [0mЬЫЫЫЫЫЫЫЫЫЫЫЫЫЫЫЫЫЫ
Ь[1m [0mЯЫЫЫЫЫЫЫЫЫЫЫЫЫЫЬ[1m       [0mЯЫЫЫЫЫЫЫЫЫЫЫЫЫЫЫЫЫЫЫЫЫЫЫЫЫЫЫЫЫЯ[1m [0mЬЫЫЫЫЫЫЫЫЫЫЫЫЫЫЫЫЫЫЫЫ
ЫЫ[1m [0mЯЫЫЫЫЫЫЫЫЫЫЫЫЫЫЫЬ[1m       [0mЯЫЫЫЫЫЫЫЫЫЫЫЫЫЫЫЫЫЫЫЫЫЫЫЫЫЯ[1m [0mЬЫЫЫЫЫЫЫЫЫЫЫЫЫЫЫЫЫЫЫЫЫЫ
ЫЫЫ[1m [0mЯЫЫЫЫЫЫЫЫЫЫЫЫЫЫЫЫЬ[1m        [0mЯЯЫЫЫЫЫЫЫЫЫЫЫЫЫЫЫЫЫЫЫЯ[1m [0mЬЫЫЫЫЫЫЫЫЫЫЫЫЫЫЫЫЫЫЫЫЫЫЫЫ
ЫЫЫЫ[1m  [0mЫЫЫЫЫЫЫЫЫЫЫЫЫЫЫЫЫЬ[1m          [0mЯЯЫЫЫЫЫЫЫЫЫЫЫЫЫЯ[1m [0mЬЫЫЫЫЫЫЫЫЫЫЫЫЫЫЫЫЫЫЫЫЫЫЫЫЫЫ
ЫЫЫЫЫ[1m  [0mЫЫЫЫЫЫЫЫЫЫЫЫЫЫЫЫЫЫЬ[1m            [0mЯЯЯЫЫЫЫЫЫЯ[1m [0mЬЫЫЫЫЫЫЫЫЫЫЫЫЫЫЫЫЫЫЫЫЫЫЫЫЫЫЫЫ
ЫЫЫЫЫЫ[1m  [0mЫЫЫЫЫЫЫЫЫЫЫЫЫЫЫЫЫЫЫЫЬЬ[1m     [0mЬЫЫЬЬЬ[1m      [0mЬЫЫЫЫЫЫЫЫЫЫЫЫЫЫЫЫЫЫЫЫЫЫЫЫЫЫЫЫЫЫ
ЫЫЫЫЫЫЫ[1m  [0mЫЫЫЫЫЫЫЫЫЫЫЫЫЫЫЫЫЫЫЫЫЫЫЭ[1m [0mЮЫЫЫЫЫЫЫЫЫЫЫЫЫЫЫЫЫЫЫЫЫЫЫЫЫЫЫЫЫЫЫЫЫЫЫЫЫЫЫЫЫЫЫ
ЫЫЫЫЫЫЫЫ[1m  [0mЫЫЫЫЫЫЫЫЫЫЫЫЫЫЫЫЫЫЫЫЫЫЭ[1m [0mЫЫЫЫЫЫЫЫЫЫЫЫЫЫЫЫЫЫЫЫЫЫЫЫЫЫЫЫЫЫЫЫЫЫЫЫЫЫЫЫЫЫЫЫ
ЫЫЫЫЫЫЫЫЫ[1m  [0mЫЫЫЫЫЫЫЫЫЫЫЫЫЫЫЫЫЫЫЫЫ[1m [0mЬ[1m [0mЯЫЫЫЫЫЫЫЫЫЫЫЫЫЫЫЫЫЫЫЫЫЫЫЫЫЫЫЫЫЫЫЫЫЫЫЫЫЫЫЫЫЫ
ЫЫЫЫЫЫЫЫЫЫ[1m  [0mЫЫЫЫЫЫЫЫЫЫЫЫЫЫЫЫЫЫЫЫ[1m [0mЫЫЬ[1m [0mЯЫЫЫЫЫЫЫЫЫЫЫЫЫЫЫЫЫЫЫЫЫЫЫЫЫЫЫЫЫЫЫЫЫЫЫЫЫЫЫЫ
ЫЫЫЫЫЫЫЫЫЫЫ[1m  [0mЫЫЫЫЫ[1m  [0mЫЫЫЫЫЫЯЮЫЫЫЭЮЫЫЫЫЬ[1m [0mЯЫЫЫЫЫЫЫЫЫЫЫЫЫЫЫЫЫЫЫЫЫЫЫЫЫЫЫЫЫЫЫЫЫЫЫЫЫЫ
ЫЫЫЫЫЫЫЫЫЫЫЫ[1m  [0mЫЫЫЫ[1m  [0mЫЫЫЫЫ[1m  [0mЫЫЫЫ[1m [0mЫЫЫЫЫЫЫЬ[1m [0mЯЫЫЫЫЫЫЫЫЫЫЫЫЫЫЫЫЫЫЫЫЫЫЫЫЫЫЫЫЫЫЫЫЫЫЫЫ
ЫЫЫЫЫЫЫЫЫЫЫЫЫ[1m  [0mЫЫЫЭ[1m [0mЮЫЫЫЭ[1m [0mЮЫЫЫЭЮЫЫЫЫЫЫЫЫЫЬ[1m [0mЯЫЫЫЫЫЫЫЫЫЫЫЫЫЫЫЫЫЫЫЫЫЫЫЫЫЫЫЫЫЫЫЫЫЫ
ЫЫЫЫЫЫЫЫЯЯ[1m   [0mЫ[1m  [0mЫЫЭ[1m [0mЮЫЫЫ[1m  [0mЫЫЫЫ[1m [0mЫЫЫЫЫЫЫЫЫЫЫЫЬ[1m [0mЯЫЫЫЫЫЫЫЫЫЫЫЫЫЫЫЫЫЫЫЫЫЫЫЫЫЫЫЫЫЫЫЫ
ЫЫЫЫЯЯ[1m      [0mЬЭ[1m [0mЮЫЫЫ[1m  [0mЫЫЯ[1m [0mЮЫЫЫЭ[1m [0mЫЫЫЫЫЫЫЫЫЫЫЫЫЫЬ[1m [0mЯЯЫЫЫЫЫЫЫЫЫЫЫЫЫЫЫЫЫЫЫЫЫЫЫЫЫЫЫЫЫ
ЫЫЯ[1m      [0mЬЬЫЫЭ[1m [0mЮЫЫЫЭ[1m  [0mІ[1m  [0mЫЫЫЫ[1m [0mЮЫЫЫЫЫЫЫЫЫЫЫЫЫЫЫЫЬЬ[1m [0mЯЫЫЫЫЫЫЫЫЫЫЫЫЫЫЫЫЫЫЫЫЫЫЫЫЫЫЫ
Я[1m        [0mЮЫЫЫЫ[1m  [0mЫЫЫЫ[1m    [0mЫЫЫЫЭ[1m [0mЫ[1m  [0mЮЫЫЫЫЫЫЫЫЫЫЫЫЫЯ[1m  [0mЮЫЫЫЫЫЫЫЫЫЫЫЫЫЫЫЫЫЫЫЫЫЫЫЫЫЫЫ
[1m       [0mЬЬ[1m [0mЫЫЫЫЫЬ[1m [0mЯЫЫЫ[1m  [0mЫЫЫЫЫЭ[1m [0mЮЭ[1m  [0mЫЫЫЫЫЫЫЫЫЫЫЯ[1m   [0mЬЫЫЫЫЫЫЫЫЫЫЫЫЫЫЫЫЫЫЫЫЫЫЫЫЫЫЫЫ
[1m        [0mЫЬ[1m [0mЫЫЫЫЫЫЬ[1m [0mЯЫЫ[1m [0mЫЫЫЫЫЭ[1m  [0mЫ[1m  [0mЮЫЫЫЫЫЫЫЫЯ[1m   [0mЬЫЫЫЫЫЫЫЫЫЫЫЫЫЫЫЫЫЫЫЫЫЫЫЫЫЫЫЫЫЫ
[1m         [0mЫЬ[1m [0mЫЫЫЫЫЫЫЬ[1m [0mЫЬЬЫЫЫЯ[1m [0mЬЫЫ[1m   [0mЫЫЫЫЯЯ[1m     [0mЫЫЫЫЫЫЫЫЫЫЫЫЫЫЫЫЫЫЫЫЫЫЫЫЫЫЫЫЫЫЫЫ

The hardest part is penciling in the facial features.  They have to be perfect
because they have to fit into your outline.  Map out where they go and draw 
those bad boys in.

ЫЫЫЫЫЫЫЫЫЫЫЫЫЫЫЫЫЫЫЫЫЫЫЫЫЫЫЫЫЫЫЫЫЫЫЫЫЫЫЫЫЫЫЫЫЫЫЫЫЫЫЫЫЫЫЫЫЫЫЫЫЫЫЫЫЫЫЫЫЫЫЫЫЫЫЫЫЫ
ЫЫЫЫЫЫЫЫЫЫЫЫЫЫЫЫЫЫЫЫЫЫЫЫЫЫЫЫЫЫЫЫЫЫЫЫЫЫЫЫЫЫЫЫЫЫЫЫЫЫЫЫЫЫЫЫЫЫЫЫЫЫЫЫЫЫЫЫЫЫЫЫЫЫЫЫЫЫ
ЫЫЫЫЫЫЫЫЫЫЫЫЫЫЫЫЫЫЫЫЫЫЫЫЫЫЫЫЫЯЯЯЯЯЯЯЯЯЯЯЯЯЯЯЯЯЯЯЫЫЫЫЫЫЫЫЫЫЫЫЫЫЫЫЫЫЫЫЫЫЫЫЫЫЫЫЫЫ
ЫЫЫЫЫЫЫЫЫЫЫЫЫЫЫЫЫЫЫЫЫЫЫЫЫЯЯЬЬЫЫЫЫЫЫЫЫЫЫЫЫЫЫЫЫЫЫЫЬЬЬЬЬЯЯЯЫЫЫЫЫЫЫЫЫЫЫЫЫЫЫЫЫЫЫЫЫЫ
ЫЫЫЫЫЫЫЫЫЫЫЫЫЫЫЫЫЫЫЫЫЯЯЬЬЫЫЫЫЫЫЫЫЫЫЫЫЫЫЫЫЫЫЫЫЫЫЫЫЫЫЫЫЫЫЫЬЬЬЯЯЫЫЫЫЫЫЫЫЫЫЫЫЫЫЫЫЫ
ЫЫЫЫЫЫЫЫЫЫЫЫЫЫЫЫЫЯЯЬЬЫЫЫЫЫЫЫЫЫЫЫЫЫЫЫЫЫЫЫЫЫЫЫЫЫЫЫЫЫЫЫЫЫЫЫЫЫЫЫЫЬЬЯЫЫЫЫЫЫЫЫЫЫЫЫЫЫ
ЫЫЫЫЫЫЫЫЫЫЫЫЫЫЫЯЬЫЫЫЫЫЫЫЫЫЫЫЫЫЫЫЫЫЫЫЫЫЫЫЫЫЫЫЫЫЫЫЫЫЫЫЫЫЫЫЫЫЫЫЫЫЫЫЬЯЫЫЫЫЫЫЫЫЫЫЫЫ
ЫЫЫЫЫЫЫЫЫЫЫЫЫЫЯЬЫЫЫЫЫЫЫЫЫЫЫЫЫЫЫЫЫЫЫЫЫЫЫЫЫЫЫЫЫЫЫЫЫЫЫЫЫЫЫЫЫЫЫЫЫЫЫЫЫЫЬЯЫЫЫЫЫЫЫЫЫЫ
ЫЫЫЫЫЫЫЫЫЫЫЫЯЬЫЫЫЫЫЫЫЫЫЫЫЫЫЫЫЫЫЫЫЫЫЫЫЫЫЫЫЫЫЫЫЫЫЫЫЫЫЫЫЫЫЫЫЫЫЫЫЫЫЫЫЫЫЫЬЯЯЫЫЫЫЫЫЫ
ЫЫЫЫЫЫЫЫЫЫЫ[1m [0mЫЫЫЫЫЫЫЫЫЫЫЫЫЫЫЫЫЫЫЫЫЫЫЫЫЫЫЫЫЫЫЫЫЫЫЫЫЫЫЫЫЫЫЫЫЫЫЫЫЫЫЫЫЫЫЫЫЫЫ[1m [0mЫЫЫЫЫЫ
ЫЫЫЫЫЫЫЫЫЫ[1m [0mЫЫЫЫЫЫЫЫЫЫЫЫЫЫЫЫЫЫЫЫЫЫЫЫЫЫЫЫЫЫЫЫЫЫЫЫЫЫЫЫЫЫЫЫЫЫЫЫЫЫЫЫЫЫЫЫЫЫЫЫЭЮЫЫЫЯЫ
ЫЫЫЫЫЫЫЫЫ[1m [0mЫЫЫЫЫЫЫЫЫЫЫЫЫЫЫЫЫЫЫЫЫЫЫЯЯЯЯЯЫЫЫЯЯЯЯЯЯЯЯЯЯЯЯЯЯЯЯЯЯЫЫЫЫЫЫЫЫЫЫЫЫЫ[1m [0mЯЬЬЮЫ
ЫЫЫЫЫЫЫЫ[1m [0mЫЫЫЫЫЫЫЫЫЫЫЫЫЫЫЫЫЫЫЫЫЫЯЬЫЫЫЫ ЯЬЬЫЫЯ[1m [0mЬЫЫЫЫЫЫЫЫЫЫЫЫЫЬЬЯЯЯЫЫЫЫЫЫЫЫЫЫЫ[1m [0mЫЫ
ЫЫЫЫЫЫЫЭЮЫЫЫЫЫЫЫЫЫЫЫЫЫЫЫЫЫЫЫЫЫЭЮЫЫЫЫ[1m [0mЬЫЫЫЫ[1m  [0mЫЫЫЫЫЫЫЫЫЫЫЫЫЫЫЫЫЫЫЫЬЬЬЯЯЫЫЫЫЫ[1m  [0mЫЫ
ЫЫЫЫЫЫЫ[1m [0mЫЫЫЫЫЫЫЫЫЫЫЫЫЫЫЫЫЫЫЫЫЫ[1m [0mЫЫЫЫЫЫЫЫЫЫ[1m  [0mЫЫЫЫЫЫЫЫЫЫЫЫЫЫЫЫЫЫЫЫЫЫЫЫЫЫЬЬЯЫ[1m   [0mЫЫ
ЫЫЫЫЫЫЫ[1m [0mЫЫЫЫЫЫЫЫЫЫЫЫЫЫЫЫЫЫЫЫЫЭЮЫЫЫЫЫЫЫЫЫ[1m  [0mЫЫЫЫЫЫЫЫЫЫЫЫЫЫЫЫЫЫЫЫЫЫЫЫЫЫЫЫЫЫЬ[1m  [0mЮЫЫ
ЫЫЫЫЫЫЭЮЫЫЫЫЫЫЫЫЫЫЫЫЫЫЫЫЫЫЫЫЫ[1m [0mЫЫЫЫЫЫЫЫЫЭ[1m [0mЫЫЫЫЫЫЫЫЫЫЫЫЫЫЫЫЫЫЫЫЫЫЫЫЫЫЫЫЫЫЫЫЭ[1m [0mЮЫЫ
ЫЫЫЫЫЫЭЮЫЫЫЫЫЫЫЫЫЫЫЫЫЫЫЫЫЫЫЫЭЮЫЫЫЫЫЫЫЫЫ[1m  [0mЮЫЫЫЫЫЫЫЫЫЫЫЫЫЫЫЫЫЫЫЫЫЫЫЫЫЫЫЫЫЫЫЫ[1m [0mЮЫЫ
ЫЫЫЫЫЫ[1m [0mЫЫЫЫЯЯЯЯЫЫЫЫЫЫЫЫЫЫЫЫЫ ЫЫЫЫЫЫЫЫЫЭ[1m [0mЭ[1m [0mЫЫЫЫЫЫЫЫЫЫЫЫЫЫЫЫЫЫЫЫЫЫЫЫЫЫЫЫЫЫЫЫ[1m [0mЮЫЫ
ЫЫЫЫЫЫ[1m [0mІЯЬЬЫЯЯЫЬЬЯЫЫЫЫЫЫЫЫЯЬЫЫЫЫЫЫЫЫЫЫЭ[1m [0mЮЬ[1m [0mЯЫЫЫЫЫЫЫЫЫЫЫЫЫЫЫЫЫЫЫЫЫЫЫЫЫЫЫЫЫЭ[1m [0mЫЫЫ
ЫЫЫЫЫЭ[1m  [0mЫЯ[1m      [0mЫЭЮЫЫЫЫЫЯЬЫЫЫЫЫЫЫЫЫЫЫЫЫЬ[1m [0mЯЫЬЬЫЯЫЫЫЫЫЫЫЫЫЫЫЫЫЫЫЫЫЫЫЫЫЫЫЫЫЫЭ[1m [0mЫЫЫ
ЫЫЫЫЫЭ[1m [0mЯ[1m  [0mЬЬЫЭ[1m  [0mЮЫ[1m [0mЫЫЫЯЬЫЫЫЫЫЫЫЫЫЫЫЫЫЫЫЫЫЬЬЯЯЫЫЫЫЫЫЫЫЫЫЫЫЫЫЫЫЫЫЫЫЫЫЫЫЫЫЫЫ[1m [0mЮЫЫЫ
ЫЫЫЫЫ[1m  [0mЬЫЫЫЯЯЯ[1m   [0mЯ[1m [0mІЯЬЫЫЫЫЫЫЫЫЫЫЫЫЫЫЫЫЫЫЫЫЫЫЫЫЫЬЫЫЫЫЫЫЫЫЫЫЫЫЫЫЫЫЫЫЫЫЫЫЫЫЫ[1m [0mЮЫЫЫ
ЫЫЫЫЭ[1m [0mЮЫЯ[1m     [0mЬЫЭ[1m   [0mЫЫЫЫЫЯЫЬЬЬЬЬЬ[1m   [0mЯЯЯЫЫЫЫЫЫЫЫЫЫЫЫЫЫЫЫЫЫЫЫЫЫЫЫЫЫЫЫЫЫЫЫЫЭ[1m [0mЫЫЫЫ
ЫЯЯЯ [1m [0mЫЭ[1m [0mЬЬ[1m [0mЮЫЫЫЫЫЫЫЫЫЫЫЫЫЫЫЫЫЫЫЫЫЫЬЬЬ[1m   [0mЯЯЫЫЫЫЫЫЫЫЫЫЫЫЫЫЫЫЫЫЫЫЫЫЫЫЫЫЫЫЫЭ[1m [0mЫЫЫЫ
ЬЫЫЫЫ[1m [0mЫ[1m [0mЮЯЯЯ[1m [0mЫЫЫЫЫЫЫЫЫЫЫЫЫЫЫЫЯЯЯЯЯЯЯЯЫЫЫЬЬЬ[1m  [0mЯЯЫЫЫЫЫЫЫЫЯ[1m [0mЫЫЫЫЫЫЫЫЫЫЫЫЫЫЫ[1m [0mЮЫЫЫЫ
ЫЫЫЫЫЭЮЭ[1m [0mЬЬ[1m [0mЬЮЫЫЫЫЫЫЫЫЫЫЫЫЫЫЫЫЬ[1m  [0mЬЬ[1m  [0mЬЬ[1m  [0mЯЯЯЫЬЬЬЫЯЯЯЫЬЬЬЫЫЫЫЫЫЫЫЫЫЫЫЫЯЫЫ[1m [0mЮЫЫЫЫ
ЫЫЫЫЫЫ[1m [0mЫЬЬЯЫЫЫЫЫЫЫЫЫЫЫЫЫЫЫЫЫЫЫЫЫЬЬ[1m [0mЯЯЬЬЬЬЫ[1m  [0mЬЬЫЫЫЫЫЬЫЫЫЫЫЫЫЫЫЫЯЯЯЯЯ[1m  [0mЬ[1m [0mЯ[1m [0mЮЫЫЫЫ
ЫЫЫЫЫЫЬ[1m [0mЯЯЫЫЫЫЫЫЫЫЫЫЫЫЫЫЫЫЫЫЫЫЫЫЫЫЫЫЬЬЫЫЫЫЬЬЫЫЫЫЫЫЫЫЫЫЫЫЫЫЯ[1m      [0mЯЯЯЯЯЯ[1m [0mЫЫЫЫЫЫ
ЫЫЫЫЫЫЫЫЯЬЬЫЫЫЫЫЫЫЫЫЫЫЫЫЫЫЫЫЫЫЫЫЫЫЫЫЫЫЫЫЫЫЫЫЫЫЫЫЫЫЫЫЫЫЫЫЯ[1m  [0mЯЬ[1m [0mЯЯЬЫЫЫ[1m   [0mЬЫЫЫЫЫЫ
ЫЫЫЫЫЫЫ[1m [0mЫЫЫЯЫЫЫЫЫЫЫЫЫЫЫЫЫЫЫЫЫЫЫЫЫЫЫЫЫЫЫЫЫЫЫЫЫЫЫЫЫЫЫЫЫЫЫ ЬЫЫЫЬЬЫЫЯЯЯ[1m   [0mЮЫЫЫЫЫЫЫ
ЫЫЫЫЫЫЭЮЫЫЭ[1m [0mЫЫЫЫЫЫЫЫЫЫЫЫЫЫЫЫЫЫЫЫЫЫЫЫЫЫЫЫЫЫЫЫЫЫЫЫЫЫЫЫЫЫЭЮЫЫЫЫЫЫЫЫЫЫЫЭ[1m  [0mЫЫЫЫЫЫЫЫ
ЫЫЫЫЫЫ[1m [0mЫЫЫЭ[1m [0mЫЫЫЫЫЫЫЫЫЫЫЫЫЫЫЫЫЫЫЫЫЫЫЫЫЫЫЫЫЫЫЫЫЫЫЫЫЫЫЫЫЫЫЫЫЫЫЫЫЫЫЫЫЫЫЭ[1m [0mЮЫЫЫЫЫЫЫЫ
ЫЫЫЫЫЭЮЫЫЫЭ[1m [0mЫЫЫЫЫЫЫЫЫЫЫЫЫЫЫЫЫЫЫЫЫЫЫЫЫЫЫЫЫЫЫЫЫЫЫЫЫЫЫЫЫЯЫЫЫЫЫЫЫЫЫЫЫЫЫ[1m  [0mЫЫЫЫЫЫЫЫЫ
ЫЫЫЫЫ[1m [0mЫЫЫЫЭ[1m [0mЫЫЫЫЫЫЫЫЫЫЫЫЫЫЫЫЫЫЫЫЫЫЫЫЫЫЫЫЫЫЫЫЫЫЫЫЫЫЯЯ[1m [0mЮЫЫЫЫЫЫЫЫЫЫЫЫ[1m  [0mЫЫЫЫЫЫЫЫЫЫ
ЫЫЫЫЭЮЫЫЫЫЭ[1m [0mЮЫЫЫЫЫЫЫЫЫЫЫЫЫЫЫЫЫЫЫЫЫЫЫЫЫЫЫЫЫЫЫЫЫЫЫ[1m   [0mЬЬЫЫЫ ЫЫЫЫЫЫЫЫ[1m  [0mЫЫЫЫЫЫЫЫЫЫЫ
ЫЫЫЫ[1m [0mЫЫЫЫЫЫ[1m  [0mЫЫЫЫЫЫЫЫЫЫЫЫЫЫЫЫЫЫЫЫЫЫЫЫЫЫЫЫЫЫЫЭЯЫЯЯЯЫЫЫЫЫЫЭЮЫЫЫЫЫЫ[1m  [0mЫЫЫЫЫЫЫЫЫЫЫЫ
ЫЫЫЭЮЫЫЫЫЫЫЬ[1m  [0mЫЫЫЫЫЫЫЫЫЫЫЫЫЫЫЫЫЫЫЫЫЫЫЫЫЫЫЫЫЫЫЫЫЬЬЬЬЫЫЯ[1m  [0mЫЫЫЫЫЫЫ [1m [0mЫЫЫЫЫЫЫЫЫЫЫЫЫ
ЫЫЯЬЫЫЫЫЫЫЫЫЬ[1m  [0mЯЫЫЫЫЫЫЫЫЫЫЫЫЫЫЫЫЫЫЫЫЫЫЫЫЫЫЫЫЫЫЫЫЫЫЫЫЫЫЫЫЫЫЫЫЫЫ[1m  [0mЫЫЫЫЫЫЫЫЫЫЫЫЫЫ
ЯЬЫЫЫЫЫЫЫЫЫЫЫЬ[1m   [0mЯЫЫЫЫЫЫЫЫЫЫЫЫЫЫЫЫЫЯЯЯЯЯЯЯЫЫЫЫЫЫЫЫЫЫЫЫЫЫЫЫЫЫЫ[1m  [0mЫЫЫЫЫЫЫЫЫЫЫЫЫЫЫ
°ІЫЫЫЫЫЫЫЫЫЫЫЫЬ[1m    [0mЯЫЫЫЫЫЫЫЫЫЫЫЫЫЫЫЫЬ[1m [0m°°°[1m   [0mЬЬ[1m [0mЯЯЯЫЫЫЫЫЫЫЫЫЫ[1m  [0mЫЫЫЫЫЫЫЫЫЫЫЫЫЫЫЫ
[1m [0mІЫЫЫЫЫЫЫЫЫЫЫЫЫЬ[1m     [0mЯЫЫЫЫЫЫЫЫЫЫЫЫЫЫЫЫЬ[1m [0m±ІЬЬ[1m  [0mЯЯЯЬЬ[1m [0m ЯЯЫЫЫЫ[1m  [0mЫЫЫЫЫЫЫЫЫЫЫЫЫЫЫЫЫ
[1m  [0mЫЫЫЫЫЫЫЫЫЫЫЫЫЫЬ[1m      [0mЯЫЫЫЫЫЫЫЫЫЫЫЫЫЫЫЫЬ[1m [0mЯЯЫЫЫЬЬЬ[1m   [0mЬЫЫЫЯ[1m [0mЬЫЫЫЫЫЫЫЫЫЫЫЫЫЫЫЫЫЫ
Ь[1m [0mЯЫЫЫЫЫЫЫЫЫЫЫЫЫЫЬ[1m       [0mЯЫЫЫЫЫЫЫЫЫЫЫЫЫЫЫЫЬЬ[1m [0m ЯЯЯ[1m [0mЬЬЫЫЫЯ[1m [0mЬЫЫЫЫЫЫЫЫЫЫЫЫЫЫЫЫЫЫЫЫ
ЫЫ[1m [0mЯЫЫЫЫЫЫЫЫЫЫЫЫЫЫЫЬ[1m       [0mЯЫЫЫЫЫЫЫЫЫЫЫЫЫЫЫЫЫЫЫЫЫЫЫЫЫЯ[1m [0mЬЫЫЫЫЫЫЫЫЫЫЫЫЫЫЫЫЫЫЫЫЫЫ
ЫЫЫ[1m [0mЯЫЫЫЫЫЫЫЫЫЫЫЫЫЫЫЫЬ[1m        [0mЯЯЫЫЫЫЫЫЫЫЫЫЫЫЫЫЫЫЫЫЫЯ[1m [0mЬЫЫЫЫЫЫЫЫЫЫЫЫЫЫЫЫЫЫЫЫЫЫЫЫ
ЫЫЫЫ[1m  [0mЫЫЫЫЫЫЫЫЫЫЫЫЫЫЫЫЫЬ[1m          [0mЯЯЫЫЫЫЫЫЫЫЫЫЫЫЫЯ[1m [0mЬЫЫЫЫЫЫЫЫЫЫЫЫЫЫЫЫЫЫЫЫЫЫЫЫЫЫ
ЫЫЫЫЫ[1m  [0mЫЫЫЫЫЫЫЫЫЫЫЫЫЫЫЫЫЫЬ[1m            [0mЯЯЯЫЫЫЫЫЫЯ[1m [0mЬЫЫЫЫЫЫЫЫЫЫЫЫЫЫЫЫЫЫЫЫЫЫЫЫЫЫЫЫ
ЫЫЫЫЫЫ[1m  [0mЫЫЫЫЫЫЫЫЫЫЫЫЫЫЫЫЫЫЫЫЬЬ[1m     [0mЬЫЫЬЬЬ[1m      [0mЬЫЫЫЫЫЫЫЫЫЫЫЫЫЫЫЫЫЫЫЫЫЫЫЫЫЫЫЫЫЫ
ЫЫЫЫЫЫЫ[1m  [0mЫЫЫЫЫЫЫЫЫЫЫЫЫЫЫЫЫЫЫЫЫЫЫЭ[1m [0mЮЫЫЫЫЫЫЫЫЫЫЫЫЫЫЫЫЫЫЫЫЫЫЫЫЫЫЫЫЫЫЫЫЫЫЫЫЫЫЫЫЫЫЫ
ЫЫЫЫЫЫЫЫ[1m  [0mЫЫЫЫЫЫЫЫЫЫЫЫЫЫЫЫЫЫЫЫЫЫЭ[1m [0mЫЫЫЫЫЫЫЫЫЫЫЫЫЫЫЫЫЫЫЫЫЫЫЫЫЫЫЫЫЫЫЫЫЫЫЫЫЫЫЫЫЫЫЫ
ЫЫЫЫЫЫЫЫЫ[1m  [0mЫЫЫЫЫЫЫЫЫЫЫЫЫЫЫЫЫЫЫЫЫ[1m [0mЬ[1m [0mЯЫЫЫЫЫЫЫЫЫЫЫЫЫЫЫЫЫЫЫЫЫЫЫЫЫЫЫЫЫЫЫЫЫЫЫЫЫЫЫЫЫЫ
ЫЫЫЫЫЫЫЫЫЫ[1m  [0mЫЫЫЫЫЫЫЫЫЫЫЫЫЫЫЫЫЫЫЫ[1m [0mЫЫЬ[1m [0mЯЫЫЫЫЫЫЫЫЫЫЫЫЫЫЫЫЫЫЫЫЫЫЫЫЫЫЫЫЫЫЫЫЫЫЫЫЫЫЫЫ
ЫЫЫЫЫЫЫЫЫЫЫ[1m  [0mЫЫЫЫЫ[1m  [0mЫЫЫЫЫЫЯЮЫЫЫЭЮЫЫЫЫЬ[1m [0mЯЫЫЫЫЫЫЫЫЫЫЫЫЫЫЫЫЫЫЫЫЫЫЫЫЫЫЫЫЫЫЫЫЫЫЫЫЫЫ
ЫЫЫЫЫЫЫЫЫЫЫЫ[1m  [0mЫЫЫЫ[1m  [0mЫЫЫЫЫ[1m  [0mЫЫЫЫ[1m [0mЫЫЫЫЫЫЫЬ[1m [0mЯЫЫЫЫЫЫЫЫЫЫЫЫЫЫЫЫЫЫЫЫЫЫЫЫЫЫЫЫЫЫЫЫЫЫЫЫ
ЫЫЫЫЫЫЫЫЫЫЫЫЫ[1m  [0mЫЫЫЭ[1m [0mЮЫЫЫЭ[1m [0mЮЫЫЫЭЮЫЫЫЫЫЫЫЫЫЬ[1m [0mЯЫЫЫЫЫЫЫЫЫЫЫЫЫЫЫЫЫЫЫЫЫЫЫЫЫЫЫЫЫЫЫЫЫЫ
ЫЫЫЫЫЫЫЫЯЯ[1m   [0mЫ[1m  [0mЫЫЭ[1m [0mЮЫЫЫ[1m  [0mЫЫЫЫ[1m [0mЫЫЫЫЫЫЫЫЫЫЫЫЬ[1m [0mЯЫЫЫЫЫЫЫЫЫЫЫЫЫЫЫЫЫЫЫЫЫЫЫЫЫЫЫЫЫЫЫЫ
ЫЫЫЫЯЯ[1m      [0mЬЭ[1m [0mЮЫЫЫ[1m  [0mЫЫЯ[1m [0mЮЫЫЫЭ[1m [0mЫЫЫЫЫЫЫЫЫЫЫЫЫЫЬ[1m [0mЯЯЫЫЫЫЫЫЫЫЫЫЫЫЫЫЫЫЫЫЫЫЫЫЫЫЫЫЫЫЫ
ЫЫЯ[1m      [0mЬЬЫЫЭ[1m [0mЮЫЫЫЭ[1m  [0mІ[1m  [0mЫЫЫЫ[1m [0mЮЫЫЫЫЫЫЫЫЫЫЫЫЫЫЫЫЬЬ[1m [0mЯЫЫЫЫЫЫЫЫЫЫЫЫЫЫЫЫЫЫЫЫЫЫЫЫЫЫЫ
Я[1m        [0mЮЫЫЫЫ[1m  [0mЫЫЫЫ[1m    [0mЫЫЫЫЭ[1m [0mЫ[1m  [0mЮЫЫЫЫЫЫЫЫЫЫЫЫЫЯ[1m  [0mЮЫЫЫЫЫЫЫЫЫЫЫЫЫЫЫЫЫЫЫЫЫЫЫЫЫЫЫ
[1m       [0mЬЬ[1m [0mЫЫЫЫЫЬ[1m [0mЯЫЫЫ[1m  [0mЫЫЫЫЫЭ[1m [0mЮЭ[1m  [0mЫЫЫЫЫЫЫЫЫЫЫЯ[1m   [0mЬЫЫЫЫЫЫЫЫЫЫЫЫЫЫЫЫЫЫЫЫЫЫЫЫЫЫЫЫ
[1m        [0mЫЬ[1m [0mЫЫЫЫЫЫЬ[1m [0mЯЫЫ[1m [0mЫЫЫЫЫЭ[1m  [0mЫ[1m  [0mЮЫЫЫЫЫЫЫЫЯ[1m   [0mЬЫЫЫЫЫЫЫЫЫЫЫЫЫЫЫЫЫЫЫЫЫЫЫЫЫЫЫЫЫЫ
[1m         [0mЫЬ[1m [0mЫЫЫЫЫЫЫЬ[1m [0mЫЬЬЫЫЫЯ[1m [0mЬЫЫ[1m   [0mЫЫЫЫЯЯ[1m     [0mЫЫЫЫЫЫЫЫЫЫЫЫЫЫЫЫЫЫЫЫЫЫЫЫЫЫЫЫЫЫЫЫ

After penciling outlines it's time to get lazy. :)  I'm really lazy and I never
want to draw "strands" in hair.  So.. as I was saying to count zero the other 
day, black space baby.

ЫЫЫЫЫЫЫЫЫЫЫЫЫЫЫЫЫЫЫЫЫЫЫЫЫЫЫЫЫЫЫЫЫЫЫЫЫЫЫЫЫЫЫЫЫЫЫЫЫЫЫЫЫЫЫЫЫЫЫЫЫЫЫЫЫЫЫЫЫЫЫЫЫЫЫЫЫЫ
ЫЫЫЫЫЫЫЫЫЫЫЫЫЫЫЫЫЫЫЫЫЫЫЫЫЫЫЫЫЫЫЫЫЫЫЫЫЫЫЫЫЫЫЫЫЫЫЫЫЫЫЫЫЫЫЫЫЫЫЫЫЫЫЫЫЫЫЫЫЫЫЫЫЫЫЫЫЫ
ЫЫЫЫЫЫЫЫЫЫЫЫЫЫЫЫЫЫЫЫЫЫЫЫЫЫЫЫЫЫЫЯЯЯЯЯЯЯЯЯЯЯЯЯЯЯЯЯЫЫЫЫЫЫЫЫЫЫЫЫЫЫЫЫЫЫЫЫЫЫЫЫЫЫЫЫЫЫ
ЫЫЫЫЫЫЫЫЫЫЫЫЫЫЫЫЫЫЫЫЫЫЫЫЫЯЯ[1m                          [0mЯЯЯЫЫЫЫЫЫЫЫЫЫЫЫЫЫЫЫЫЫЫЫЫЫ
ЫЫЫЫЫЫЫЫЫЫЫЫЫЫЫЫЫЫЫЫЫЯЯ[1m             [0mЯЯЯЯЯЯЯЫЬЬЬ[1m            [0mЯЯЫЫЫЫЫЫЫЫЫЫЫЫЫЫЫЫЫ
ЫЫЫЫЫЫЫЫЫЫЫЫЫЫЫЫЫЯЯ[1m                 [0mЬЬЬЬЬЬЬ[1m   [0mЯЫЫЫЬЬЬ[1m          [0mЯЫЫЫЫЫЫЫЫЫЫЫЫЫЫ
ЫЫЫЫЫЫЫЫЫЫЫЫЫЫЫЯ[1m              [0mЬЬЬЫЫЫЫЯЯЯ[1m        [0mЯЫЫЫЫЫЫЬ[1m         [0mЯЫЫЫЫЫЫЫЫЫЫЫЫ
ЫЫЫЫЫЫЫЫЫЫЫЫЫЫЯ[1m           [0mЬЬЫЫЫЫЫЯЯ[1m               [0mЯЫЫЫЫЫЭ[1m          [0mЯЫЫЫЫЫЫЫЫЫЫ
ЫЫЫЫЫЫЫЫЫЫЫЫЯ[1m           [0mЬЫЫЫЫЯЯ[1m                     [0mЫЫЫЫЫ[1m     [0mЯ[1m [0mЬЬЬ[1m  [0mЯЯЫЫЫЫЫЫЫ
ЫЫЫЫЫЫЫЫЫЫЫ[1m            [0mЫЫЫЫЯ[1m                         [0;34m [37mЯЯЯЫЬ[1m      [0mЯЫЫЫЬ[1m  [0mЫЫЫЫЫЫ
ЫЫЫЫЫЫЫЫЫЫ[1m            [0mЫЫЫЯ[1m           [0mЬЬЬ[1m     [0mЬЬю[1m  [0mЬЬЬЬ[1m      [0mЬЬ[1m     [0mЯЫЫ[1m  [0mЮЫЫЫЯЫ
ЫЫЫЫЫЫЫЫЫ[1m           [0mЬЯЯ[1m           [0mЬЫЫЫЫЯ[1m [0mЬЬЫЫЯ[1m [0mЬЬЫЫЫЫЫЫЬЬ[1m       [0mЬ[1m   [0mЮЫЭ[1m  [0mЯ[1m  [0mЮЫ
ЫЫЫЫЫЫЫЫ[1m          [0mЬ[1m             [0mЬЫЫЫЫЯ[1m [0mЬЫЫЫЯ[1m [0mЬЫЫЫЫЫЫЫЫЫЫЫЫЫЬЬ[1m        [0mІ±°[1m  [0m°[1m [0mЫЫ
ЫЫЫЫЫЫЫЭ[1m         [0mЯ[1m             [0mЮЫЫЫЫ[1m [0mЬ[30;47m [37;40mЫЫЫ[1m  [0mЫЫЫЫЫЫЫЫЫЫЫЫЫЫЫЫЫЫЫЫЬЬЬ[1m   [0m° [1m [0m±[1m  [0mЫЫ
ЫЫЫЫЫЫЫ [1m       [0mІ[1m               [0mЫЫЫЫЭЮ[30;47m  [37;40mЫЫ[1m  [0mЫЫЫЫЫЫЫЫЫЫЫЫЫЫЫЫЫЫЫЫЫЫЫЫЫЫЬЬ[1m [0mІ[1m   [0mЫЫ
ЫЫЫЫЫЫЫ[1m       [0m±[1m               [0mЮЫЫЫЫЫЬ[30;47mю [37;40mЫ[1m  [0mЫЫЫЫЫЫЫЫЫЫЫЫЫЫЫЫЫЫЫЫЫЫЫЫЫЫЫЫЫЫЬ[1m  [0mЮЫЫ
ЫЫЫЫЫЫЭ[1m      [0m°[1m                [0mЫЫЫЫЫЫЫЫЫЭ[1m [0mЫЫЫЫЫЫЫЫЫЫЫЫЫЫЫЫЫЫЫЫЫЫЫЫЫЫЫЫЫЫЫЫЭ[1m [0mЮЫЫ
ЫЫЫЫЫЫЭ[1m                      [0mЮЫЫЫЫЫЫЫЫЫ[1m  [0mЮЫЫЫЫЫЫЫЫЫЫЫЫЫЫЫЫЫЫЫЫЫЫЫЫЫЫЫЫЫЫЫЫ[1m [0mЮЫЫ
ЫЫЫЫЫЫ[1m                       [0mЫЫЫЫЫЫЫЫЫЭ[1m [0mЭ[1m [0mЫЫЫЫЫЫЫЫЫЫЫЫЫЫЫЫЫЫЫЫЫЫЫЫЫЫЫЫЫЫЫЫ[1m [0mЮЫЫ
ЫЫЫЫЫЫ[1m [0mІЯЬЬЫЯЯЫЬЬ          ЬЫЫЫЫЫЫЫЫЫЫЭ[1m [0mЮЬ[1m [0mЯЫЫЫЫЫЫЫЫЫЫЫЫЫЫЫЫЫЫЫЫЫЫЫЫЫЫЫЫЫЭ[1m [0mЫЫЫ
ЫЫЫЫЫЭ[1m  [0mЫЯ[1m      [0mЫЭ       ЬЫЫЫЫЫЫЫЫЫЫЫЫЫЬ[1m [0mЯЫЬЬЫЯЫЫЫЫЫЫЫЫЫЫЫЫЫЫЫЫЫЫЫЫЫЫЫЫЫЫЭ[1m [0mЫЫЫ
ЫЫЫЫЫЭ[1m [0mЯ[1m  [0mЬЬЫЭ[1m  [0mЮЫ[1m [0m    ЬЫЫЫЫЫЫЫЫЫЫЫЫЫЫЫЫЫЬЬЯЯЫЫЫЫЫЫЫЫЫЫЫЫЫЫЫЫЫЫЫЫЫЫЫЫЫЫЫЫ[1m [0mЮЫЫЫ
ЫЫЫЫЫ[1m  [0mЬЫЫЫЯЯЯ[1m   [0mЯ[1m [0m  ЬЫЫЫЫЫЫЫЫЫЫЫЫЫЫЫЫЫЫЫЫЫЫЫЫЫЬЫЫЫЫЫЫЫЫЫЫЫЫЫЫЫЫЫЫЫЫЫЫЫЫЫ[1m [0mЮЫЫЫ
ЫЫЫЫЭ[1m [0mЮЫЯ[1m     [0mЬЫЭ[1m   [0mЫЫЫЫЫЯЫЬЬЬЬЬЬ[1m   [0mЯЯЯЫЫЫЫЫЫЫЫЫЫЫЫЫЫЫЫЫЫЫЫЫЫЫЫЫЫЫЫЫЫЫЫЫЭ[1m [0mЫЫЫЫ
ЫЯЯЯ [1m [0mЫЭ[1m [0mЬЬ[1m [0mЮЫЫЫЫЫЫЫЫЫЫЫЫЫЫЫЫЫЫЫЫЫЫЬЬЬ[1m   [0mЯЯЫЫЫЫЫЫЫЫЫЫЫЫЫЫЫЫЫЫЫЫЫЫЫЫЫЫЫЫЫЭ[1m [0mЫЫЫЫ
[6CЫ[1m [0mЮЯЯЯ[1m [0mЫЫЫЫЫЫЫЫЫЫЫЫЫЫЫЫЯЯЯЯЯЯЯЯЫЫЫЬЬЬ[1m  [0mЯЯЫЫЫЫЫЫЫЫЯ[1m [0mЫЫЫЫЫЫЫЫЫЫЫЫЫЫЫ[1m [0mЮЫЫЫЫ
[6CЮЭ[1m [0mЬЬ[1m [0mЬЮЫЫЫЫЫЫЫЫЫЫЫЫЫЫЫЫЬ[1m  [0mЬЬ[1m  [0mЬЬ[1m  [0mЯЯЯЫЬЬЬЫЯЯЯЫЬЬЬЫЫЫЫЫЫЫЫЫЫЫЫЫЯЫЫ[1m [0mЮЫЫЫЫ
[6C[1m [0mЫЬЬЯЫЫЫЫЫЫЫЫЫЫЫЫЫЫЫЫЫЫЫЫЫЬЬ[1m [0mЯЯЬЬЬЬЫ[1m  [0mЬЬЫЫЫЫЫЬЫЫЫЫЫЫЫЫЫЫЯЯЯЯЯ[1m  [0mЬ[1m [0mЯ[1m [0mЮЫЫЫЫ
[6C [1m [0mЯЯЫЫЫЫЫЫЫЫЫЫЫЫЫЫЫЫЫЫЫЫЫЫЫЫЫЫЬЬЫЫЫЫЬЬЫЫЫЫЫЫЫЫЫЫЫЫЫЫЯ[1m      [0mЯЯЯЯЯЯ[1m [0mЫЫЫЫЫЫ
[6C   ЬЬЫЫЫЫЫЫЫЫЫЫЫЫЫЫЫЫЫЫЫЫЫЫЫЫЫЫЫЫЫЫЫЫЫЫЫЫЫЫЫЫЫЫЫЫЫЯ[1m  [0mЯЬ[1m [0mЯЯЬЫЫЫ[1m   [0mЬЫЫЫЫЫЫ
[6C  ЫЫЫЯЫЫЫЫЫЫЫЫЫЫЫЫЫЫЫЫЫЫЫЫЫЫЫЫЫЫЫЫЫЫЫЫЫЫЫЫЫЫЫЫЫЫЫ ЬЫЫЫЬЬЫЫЯЯЯ[1m   [0mЮЫЫЫЫЫЫЫ
[6C ЮЫЫЭ[1m [0mЫЫЫЫЫЫЫЫЫЫЫЫЫЫЫЫЫЫЫЫЫЫЫЫЫЫЫЫЫЫЫЫЫЫЫЫЫЫЫЫЫЫЭЮЫЫЫЫЫЫЫЫЫЫЫЭ[1m  [0mЫЫЫЫЫЫЫЫ
[6C[1m [0mЫЫЫЭ[1m [0mЫЫЫЫЫЫЫЫЫЫЫЫЫЫЫЫЫЫЫЫЫЫЫЫЫЫЫЫЫЫЫЫЫЫЫЫЫЫЫЫЫЫЫЫЫЫЫЫЫЫЫЫЫЫЫЭ[1m [0mЮЫЫЫЫЫЫЫЫ
[6CЮЫЫЫЭ[1m [0mЫЫЫЫЫЫЫЫЫЫЫЫЫЫЫЫЫЫЫЫЫЫЫЫЫЫЫЫЫЫЫЫЫЫЫЫЫЫЫЫЫЯЫЫЫЫЫЫЫЫЫЫЫЫЫ[1m  [0mЫЫЫЫЫЫЫЫЫ
[6CЫЫЫЫЭ[1m [0mЫЫЫЫЫЫЫЫЫЫЫЫЫЫЫЫЫЫЫЫЫЫЫЫЫЫЫЫЫЫЫЫЫЫЫЫЫЫЯЯ[1m [0mЮЫЫЫЫЫЫЫЫЫЫЫЫ[1m  [0mЫЫЫЫЫЫЫЫЫЫ
[3C  ЮЫЫЫЫЭ[1m [0mЮЫЫЫЫЫЫЫЫЫЫЫЫЫЫЫЫЫЫЫЫЫЫЫЫЫЫЫЫЫЫЫЫЫЫЫ[1m   [0mЬЬЫЫЫ ЫЫЫЫЫЫЫЫ[1m  [0mЫЫЫЫЫЫЫЫЫЫЫ
[3C [1m [0mЫЫЫЫЫЫ[1m  [0mЫЫЫЫЫЫЫЫЫЫЫЫЫЫЫЫЫЫЫЫЫЫЫЫЫЫЫЫЫЫЫЭЯЫЯЯЯЫЫЫЫЫЫЭЮЫЫЫЫЫЫ[1m  [0mЫЫЫЫЫЫЫЫЫЫЫЫ
[3C ЮЫЫЫЫЫЫЬ[1m  [0mЫЫЫЫЫЫЫЫЫЫЫЫЫЫЫЫЫЫЫЫЫЫЫЫЫЫЫЫЫЫЫЫЫЬЬЬЬЫЫЯ[1m  [0mЫЫЫЫЫЫЫ [1m [0mЫЫЫЫЫЫЫЫЫЫЫЫЫ
[3CЬЫЫЫЫЫЫЫЫЬ[1m  [0mЯЫЫЫЫЫЫЫЫЫЫЫЫЫЫЫЫЫЫЫЫЫЫЫЫЫЫЫЫЫЫЫЫЫЫЫЫЫЫЫЫЫЫЫЫЫЫ[1m  [0mЫЫЫЫЫЫЫЫЫЫЫЫЫЫ
 ЬЫЫЫЫЫЫЫЫЫЫЫЬ[1m   [0mЯЫЫЫЫЫЫЫЫЫЫЫЫЫЫЫЫЫЯЯЯЯЯЯЯЫЫЫЫЫЫЫЫЫЫЫЫЫЫЫЫЫЫЫ[1m  [0mЫЫЫЫЫЫЫЫЫЫЫЫЫЫЫ
°ІЫЫЫЫЫЫЫЫЫЫЫЫЬ[1m    [0mЯЫЫЫЫЫЫЫЫЫЫЫЫЫЫЫЫЬ[1m [0m°°°[1m   [0mЬЬ[1m [0mЯЯЯЫЫЫЫЫЫЫЫЫЫ[1m  [0mЫЫЫЫЫЫЫЫЫЫЫЫЫЫЫЫ
[1m [0mІЫЫЫЫЫЫЫЫЫЫЫЫЫЬ[1m     [0mЯЫЫЫЫЫЫЫЫЫЫЫЫЫЫЫЫЬ[1m [0m±ІЬЬ[1m  [0mЯЯЯЬЬ[1m [0m ЯЯЫЫЫЫ[1m  [0mЫЫЫЫЫЫЫЫЫЫЫЫЫЫЫЫЫ
[1m  [0mЫЫЫЫЫЫЫЫЫЫЫЫЫЫЬ[1m      [0mЯЫЫЫЫЫЫЫЫЫЫЫЫЫЫЫЫЬ[1m [0mЯЯЫЫЫЬЬЬ[1m   [0mЬЫЫЫЯ[1m [0mЬЫЫЫЫЫЫЫЫЫЫЫЫЫЫЫЫЫЫ
Ь[1m [0mЯЫЫЫЫЫЫЫЫЫЫЫЫЫЫЬ[1m       [0mЯЫЫЫЫЫЫЫЫЫЫЫЫЫЫЫЫЬЬ[1m [0m ЯЯЯ[1m [0mЬЬЫЫЫЯ[1m [0mЬЫЫЫЫЫЫЫЫЫЫЫЫЫЫЫЫЫЫЫЫ
ЫЫ[1m [0mЯЫЫЫЫЫЫЫЫЫЫЫЫЫЫЫЬ[1m       [0mЯЫЫЫЫЫЫЫЫЫЫЫЫЫЫЫЫЫЫЫЫЫЫЫЫЫЯ[1m [0mЬЫЫЫЫЫЫЫЫЫЫЫЫЫЫЫЫЫЫЫЫЫЫ
ЫЫЫ[1m [0mЯЫЫЫЫЫЫЫЫЫЫЫЫЫЫЫЫЬ[1m        [0mЯЯЫЫЫЫЫЫЫЫЫЫЫЫЫЫЫЫЫЫЫЯ[1m [0mЬЫЫЫЫЫЫЫЫЫЫЫЫЫЫЫЫЫЫЫЫЫЫЫЫ
ЫЫЫЫ[1m  [0mЫЫЫЫЫЫЫЫЫЫЫЫЫЫЫЫЫЬ[1m          [0mЯЯЫЫЫЫЫЫЫЫЫЫЫЫЫЯ[1m [0mЬЫЫЫЫЫЫЫЫЫЫЫЫЫЫЫЫЫЫЫЫЫЫЫЫЫЫ
ЫЫЫЫЫ[1m  [0mЫЫЫЫЫЫЫЫЫЫЫЫЫЫЫЫЫЫЬ[1m            [0mЯЯЯЫЫЫЫЫЫЯ[1m [0mЬЫЫЫЫЫЫЫЫЫЫЫЫЫЫЫЫЫЫЫЫЫЫЫЫЫЫЫЫ
ЫЫЫЫЫЫ[1m  [0mЫЫЫЫЫЫЫЫЫЫЫЫЫЫЫЫЫЫЫЫЬЬ[1m     [0mЬЫЫЬЬЬ[1m      [0mЬЫЫЫЫЫЫЫЫЫЫЫЫЫЫЫЫЫЫЫЫЫЫЫЫЫЫЫЫЫЫ
ЫЫЫЫЫЫЫ[1m  [0mЫЫЫЫЫЫЫЫЫЫЫЫЫЫЫЫЫЫЫЫЫЫЫЭ[1m [0mЮЫЫЫЫЫЫЫЫЫЫЫЫЫЫЫЫЫЫЫЫЫЫЫЫЫЫЫЫЫЫЫЫЫЫЫЫЫЫЫЫЫЫЫ
ЫЫЫЫЫЫЫЫ[1m  [0mЫЫЫЫЫЫЫЫЫЫЫЫЫЫЫЫЫЫЫЫЫЫЭ[1m [0mЫЫЫЫЫЫЫЫЫЫЫЫЫЫЫЫЫЫЫЫЫЫЫЫЫЫЫЫЫЫЫЫЫЫЫЫЫЫЫЫЫЫЫЫ
ЫЫЫЫЫЫЫЫЫ[1m  [0mЫЫЫЫЫЫЫЫЫЫЫЫЫЫЫЫЫЫЫЫЫ[1m [0mЬ[1m [0mЯЫЫЫЫЫЫЫЫЫЫЫЫЫЫЫЫЫЫЫЫЫЫЫЫЫЫЫЫЫЫЫЫЫЫЫЫЫЫЫЫЫЫ
ЫЫЫЫЫЫЫЫЫЫ[1m  [0mЫЫЫЫЫЫЫЫЫЫЫЫЫЫЫЫЫЫЫЫ[1m [0mЫЫЬ[1m [0mЯЫЫЫЫЫЫЫЫЫЫЫЫЫЫЫЫЫЫЫЫЫЫЫЫЫЫЫЫЫЫЫЫЫЫЫЫЫЫЫЫ
ЫЫЫЫЫЫЫЫЫЫЫ[1m  [0mЫЫЫЫЫ[1m  [0mЫЫЫЫЫЫЯЮЫЫЫЭЮЫЫЫЫЬ[1m [0mЯЫЫЫЫЫЫЫЫЫЫЫЫЫЫЫЫЫЫЫЫЫЫЫЫЫЫЫЫЫЫЫЫЫЫЫЫЫЫ
ЫЫЫЫЫЫЫЫЫЫЫЫ[1m  [0mЫЫЫЫ[1m  [0mЫЫЫЫЫ[1m  [0mЫЫЫЫ[1m [0mЫЫЫЫЫЫЫЬ[1m [0mЯЫЫЫЫЫЫЫЫЫЫЫЫЫЫЫЫЫЫЫЫЫЫЫЫЫЫЫЫЫЫЫЫЫЫЫЫ
ЫЫЫЫЫЫЫЫЫЫЫЫЫ[1m  [0mЫЫЫЭ[1m [0mЮЫЫЫЭ[1m [0mЮЫЫЫЭЮЫЫЫЫЫЫЫЫЫЬ[1m [0mЯЫЫЫЫЫЫЫЫЫЫЫЫЫЫЫЫЫЫЫЫЫЫЫЫЫЫЫЫЫЫЫЫЫЫ
ЫЫЫЫЫЫЫЫЯЯ[1m   [0mЫ[1m  [0mЫЫЭ[1m [0mЮЫЫЫ[1m  [0mЫЫЫЫ[1m [0mЫЫЫЫЫЫЫЫЫЫЫЫЬ[1m [0mЯЫЫЫЫЫЫЫЫЫЫЫЫЫЫЫЫЫЫЫЫЫЫЫЫЫЫЫЫЫЫЫЫ
ЫЫЫЫЯЯ[1m      [0mЬЭ[1m [0mЮЫЫЫ[1m  [0mЫЫЯ[1m [0mЮЫЫЫЭ[1m [0mЫЫЫЫЫЫЫЫЫЫЫЫЫЫЬ[1m [0mЯЯЫЫЫЫЫЫЫЫЫЫЫЫЫЫЫЫЫЫЫЫЫЫЫЫЫЫЫЫЫ
ЫЫЯ[1m      [0mЬЬЫЫЭ[1m [0mЮЫЫЫЭ[1m  [0mІ[1m  [0mЫЫЫЫ[1m [0mЮЫЫЫЫЫЫЫЫЫЫЫЫЫЫЫЫЬЬ[1m [0mЯЫЫЫЫЫЫЫЫЫЫЫЫЫЫЫЫЫЫЫЫЫЫЫЫЫЫЫ
Я[1m        [0mЮЫЫЫЫ[1m  [0mЫЫЫЫ[1m    [0mЫЫЫЫЭ[1m [0mЫ[1m  [0mЮЫЫЫЫЫЫЫЫЫЫЫЫЫЯ[1m  [0mЮЫЫЫЫЫЫЫЫЫЫЫЫЫЫЫЫЫЫЫЫЫЫЫЫЫЫЫ
[1m       [0mЬЬ[1m [0mЫЫЫЫЫЬ[1m [0mЯЫЫЫ[1m  [0mЫЫЫЫЫЭ[1m [0mЮЭ[1m  [0mЫЫЫЫЫЫЫЫЫЫЫЯ[1m   [0mЬЫЫЫЫЫЫЫЫЫЫЫЫЫЫЫЫЫЫЫЫЫЫЫЫЫЫЫЫ
[1m        [0mЫЬ[1m [0mЫЫЫЫЫЫЬ[1m [0mЯЫЫ[1m [0mЫЫЫЫЫЭ[1m  [0mЫ[1m  [0mЮЫЫЫЫЫЫЫЫЯ[1m   [0mЬЫЫЫЫЫЫЫЫЫЫЫЫЫЫЫЫЫЫЫЫЫЫЫЫЫЫЫЫЫЫ
[1m         [0mЫЬ[1m [0mЫЫЫЫЫЫЫЬ[1m [0mЫЬЬЫЫЫЯ[1m [0mЬЫЫ[1m   [0mЫЫЫЫЯЯ[1m     [0mЫЫЫЫЫЫЫЫЫЫЫЫЫЫЫЫЫЫЫЫЫЫЫЫЫЫЫЫЫЫЫЫ


It actually even looks better than it does with filled in hair.. and it takes
less work! :)  Next you should flat color everything without shading.

ЫЫЫЫЫЫЫЫЫЫЫЫЫЫЫЫЫЫЫЫЫЫЫЫЫЫЫЫЫЫЫЫЫЫЫЫЫЫЫЫЫЫЫЫЫЫЫЫЫЫЫЫЫЫЫЫЫЫЫЫЫЫЫЫЫЫЫЫЫЫЫЫЫЫЫЫЫЫ
ЫЫЫЫЫЫЫЫЫЫЫЫЫЫЫЫЫЫЫЫЫЫЫЫЫЫЫЫЫЫЫЫЫЫЫЫЫЫЫЫЫЫЫЫЫЫЫЫЫЫЫЫЫЫЫЫЫЫЫЫЫЫЫЫЫЫЫЫЫЫЫЫЫЫЫЫЫЫ
ЫЫЫЫЫЫЫЫЫЫЫЫЫЫЫЫЫЫЫЫЫЫЫЫЫЫЫЫЫЫЫЯЯЯЯЯЯЯЯЯЯЯЯЯЯЯЯЯЫЫЫЫЫЫЫЫЫЫЫЫЫЫЫЫЫЫЫЫЫЫЫЫЫЫЫЫЫЫ
ЫЫЫЫЫЫЫЫЫЫЫЫЫЫЫЫЫЫЫЫЫЫЫЫЫЯЯ[1m                          [0mЯЯЯЫЫЫЫЫЫЫЫЫЫЫЫЫЫЫЫЫЫЫЫЫЫ
ЫЫЫЫЫЫЫЫЫЫЫЫЫЫЫЫЫЫЫЫЫЯЯ[1m             [0;34mЯЯЯЯЯЯЯЫЬЬЬ[1;37m            [0mЯЯЫЫЫЫЫЫЫЫЫЫЫЫЫЫЫЫЫ
ЫЫЫЫЫЫЫЫЫЫЫЫЫЫЫЫЫЯЯ[1m                 [0;34mЬЬЬЬЬЬЬ[1;37m   [0;34mЯЫЫЫЬЬЬ[1;37m          [0mЯЫЫЫЫЫЫЫЫЫЫЫЫЫЫ
ЫЫЫЫЫЫЫЫЫЫЫЫЫЫЫЯ[1m              [0;34mЬЬЬЫЫЫЫЯЯЯ[1;37m        [0;34mЯЫЫЫЫЫЫЬ[1;37m         [0mЯЫЫЫЫЫЫЫЫЫЫЫЫ
ЫЫЫЫЫЫЫЫЫЫЫЫЫЫЯ[1m           [0;34mЬЬЫЫЫЫЫЯЯ[1;37m               [0;34mЯЫЫЫЫЫЭ[1;37m          [0mЯЫЫЫЫЫЫЫЫЫЫ
ЫЫЫЫЫЫЫЫЫЫЫЫЯ[1m           [0;34mЬЫЫЫЫЯЯ[1;37m                     [0;34mЫЫЫЫЫ[1;37m     [0;34mЯ[1;37m [0;34mЬЬЬ[1;37m  [0mЯЯЫЫЫЫЫЫЫ
ЫЫЫЫЫЫЫЫЫЫЫ[1m            [0;34mЫЫЫЫЯ[1;37m                         [0;34m ЯЯЯЫЬ[1;37m      [0;34mЯЫЫЫЬ[1;37m  [0mЫЫЫЫЫЫ
ЫЫЫЫЫЫЫЫЫЫ[1m            [0;34mЫЫЫЯ[1;37m           [31mЬЬЬЬ[37m    [31mЬЬю[37m  [31m ЬЬЬ[37m      [0;34mЬЬ[1;37m     [0;34mЯЫЫ[1;37m  [0mЮЫЫЫЯЫ
ЫЫЫЫЫЫЫЫЫ[1m           [0;34mЬЯЯ[1;37m           [31mЬЫЫЫЫЯ[37m [31mЬЬЫЫЯ[37m [31mЬЬЫЫЫЫЫЫЬЬ[37m       [0;34mЬ[1;37m   [0;34mЮЫЭ[1;37m  [0mЯ[1m  [0mЮЫ
ЫЫЫЫЫЫЫЫ[1m          [0;34mЬ[1;37m             [31mЬЫЫЫЫЯ[37m [31mЬЫЫЫЯ[37m [31mЬЫЫЫЫЫЫЫЫЫЫЫЫЫЬЬ[37m        [0;34mІ±°[1;37m  [0;34m°[1;37m [0mЫЫ
ЫЫЫЫЫЫЫЭ[1m         [0;34mЯ[1;37m             [31mЮЫЫЫЫ[37m [31mЬЫЫЫЫ[37m  [31mЫЫЫЫЫЫЫЫЫЫЫЫЫЫЫЫЫЫЫЫЬЬЬ[37m   [0;34m°[37m [1m [0;34m±[1;37m  [0mЫЫ
ЫЫЫЫЫЫЫ [1m       [0;34mІ[1;37m               [31mЫЫЫЫЭЮЫЫЫЫ[37m  [31mЫЫЫЫЫЫЫЫЫЫЫЫЫЫЫЫЫЫЫЫЫЫЫЫЫЫЬЬ[37m [0;34mІ[1;37m   [0mЫЫ
ЫЫЫЫЫЫЫ[1m       [0;34m±[1;37m               [31mЮЫЫЫЫЫЬЯЫЫ[37m  [31mЫЫЫЫЫЫЫЫЫЫЫЫЫЫЫЫЫЫЫЫЫЫЫЫЫЫЫЫЫЫЬ[37m  [0mЮЫЫ
ЫЫЫЫЫЫЭ[1m      [0;34m°[1;37m                [31mЫЫЫЫЫЫЫЫЫЭ[37m [31mЫЫЫЫЫЫЫЫЫЫЫЫЫЫЫЫЫЫЫЫЫЫЫЫЫЫЫЫЫЫЫЫЭ[37m [0mЮЫЫ
ЫЫЫЫЫЫЭ[1m                      [31mЮЫЫЫЫЫЫЫЫЫ[37m  [31mЮЫЫЫЫЫЫЫЫЫЫЫЫЫЫЫЫЫЫЫЫЫЫЫЫЫЫЫЫЫЫЫЫ[37m [0mЮЫЫ
ЫЫЫЫЫЫ[1m                      [31m ЫЫЫЫЫЫЫЫЫЭ[37m [31mЭ[37m [31mЫЫЫЫЫЫЫЫЫЫЫЫЫЫЫЫЫЫЫЫЫЫЫЫЫЫЫЫЫЫЫЫ[37m [0mЮЫЫ
ЫЫЫЫЫЫ[1m [0;34mІЯ[1;31mЬЬЫЯЯЫЬЬ[0m          [1;31mЬЫЫЫЫЫЫЫЫЫЫЭ[37m [31mЮЬ[37m [31mЯЫЫЫЫЫЫЫЫЫЫЫЫЫЫЫЫЫЫЫЫЫЫЫЫЫЫЫЫЫЭ[37m [0mЫЫЫ
ЫЫЫЫЫЭ[1m  [31mЫЯ[37m      [31mЫЭ[0m       [1;31mЬЫЫЫЫЫЫЫЫЫЫЫЫЫЬ[37m [31mЯЫЬЬЫЯЫЫЫЫЫЫЫЫЫЫЫЫЫЫЫЫЫЫЫЫЫЫЫЫЫЫЭ[37m [0mЫЫЫ
ЫЫЫЫЫЭ[1m [31mЯ[37m  [31mЬЬЫЭ[37m  [31mЮЫ[37m [0m    [1;31mЬЫЫЫЫЫЫЫЫЫЫЫЫЫЫЫЫЫЬЬЯЯЫЫЫЫЫЫЫЫЫЫЫЫЫЫЫЫЫЫЫЫЫЫЫЫЫЫЫЫ[37m [0mЮЫЫЫ
ЫЫЫЫЫ[1m  [31mЬЫЫЫЯЯЯ[37m   [31mЯ[37m [0m  [1;31mЬЫЫЫЫЫЫЫЫЫЫЫЫЫЫЫЫЫЫЫЫЫЫЫЫЫЬЫЫЫЫЫЫЫЫЫЫЫЫЫЫЫЫЫЫЫЫЫЫЫЫЫ[37m [0mЮЫЫЫ
ЫЫЫЫЭ[1m [31mЮЫЯ[37m     [31mЬЫЭ[37m   [31mЫЫЫЫЫЯЫЬЬЬЬЬЬ[37m   [31mЯЯЯЫЫЫЫЫЫЫЫЫЫЫЫЫЫЫЫЫЫЫЫЫЫЫЫЫЫЫЫЫЫЫЫЫЭ[37m [0mЫЫЫЫ
ЫЯЯЯ [1m [31mЫЭ[37m [31mЬЬ[37m [31m ЮЫЫЫЫЫЫЫЫЫЫЫЫЫЫЫЫЫЫЫЫЫЬЬЬ[37m   [31mЯЯЫЫЫЫЫЫЫЫЫЫЫЫЫЫЫЫЫЫЫЫЫЫЫЫЫЫЫЫЫЭ[37m [0mЫЫЫЫ
[6C[1;31mЫ[37m [31mЮЯЯЯ[37m [31mЫЫЫЫЫЫЫЫЫЫЫЫЫЫЫЫЯЯЯЯЯЯЯЯЫЫЫЬЬЬ[37m  [31mЯЯЫЫЫЫЫЫЫЫЯ[37m [31mЫЫЫЫЫЫЫЫЫЫЫЫЫЫЫ[37m [0mЮЫЫЫЫ
[6C[1;31mЮЭ[37m [31mЬЬ[37m [31mЬЮЫЫЫЫЫЫЫЫЫЫЫЫЫЫЫЫЬ[37m  ЬЬ  ЬЬ  [31mЯЯЯЫЬЬЬЫЯЯЯЫЬЬЬЫЫЫЫЫЫЫЫЫЫЫЫЫЯЫЫ[37m [0mЮЫЫЫЫ
[6C[1m [31mЫЬЬЯЫЫЫЫЫЫЫЫЫЫЫЫЫЫЫЫЫЫЫЫЫЬЬ[37m ЯЯЬЬЬЬЫ  [31mЬЬЫЫЫЫЫЬЫЫЫЫЫЫЫЫЫЫЯЯЯЯЯ[37m  [31mЬ[37m [31mЯ[37m [0mЮЫЫЫЫ
[6C [1m [31mЯЯЫЫЫЫЫЫЫЫЫЫЫЫЫЫЫЫЫЫЫЫЫЫЫЫЫЫЬЬ[47mЬЬЬЬ[40mЬЬЫЫЫЫЫЫЫЫЫЫЫЫЫЫЯ[37m      [31mЯЯЯЯЯЯ[37m [0mЫЫЫЫЫЫ
[6C   [1;31mЬЬЫЫЫЫЫЫЫЫЫЫЫЫЫЫЫЫЫЫЫЫЫЫЫЫЫЫЫЫЫЫЫЫЫЫЫЫЫЫЫЫЫЫЫЫЫЯ[37m  ЯЬ ЯЯЬЫЫЫ   [0mЬЫЫЫЫЫЫ
[6C  [1;31mЫЫЫЯЫЫЫЫЫЫЫЫЫЫЫЫЫЫЫЫЫЫЫЫЫЫЫЫЫЫЫЫЫЫЫЫЫЫЫЫЫЫЫЫЫЫЫ[0m [1;31mЬЫЫЫЬЬ[47mЬЬ[37;40mЯЯЯ   [0mЮЫЫЫЫЫЫЫ
[6C [1;31mЮЫЫЭ[37m [31mЫЫЫЫЫЫЫЫЫЫЫЫЫЫЫЫЫЫЫЫЫЫЫЫЫЫЫЫЫЫЫЫЫЫЫЫЫЫЫЫЫЫЭЮЫЫЫЫЫЫЫЫЫЫЫІ[37m  [0mЫЫЫЫЫЫЫЫ
[6C[1m [31mЫЫЫЭ[37m [31mЫЫЫЫЫЫЫЫЫЫЫЫЫЫЫЫЫЫЫЫЫЫЫЫЫЫЫЫЫЫЫЫЫЫЫЫЫЫЫЫЫЫЫЫЫЫЫЫЫЫЫЫЫЫЫЭ[37m [0mЮЫЫЫЫЫЫЫЫ
[6C[1;31mЮЫЫЫЭ[37m [31mЫЫЫЫЫЫЫЫЫЫЫЫЫЫЫЫЫЫЫЫЫЫЫЫЫЫЫЫЫЫЫЫЫЫЫЫЫЫЫЫЫЯЫЫЫЫЫЫЫЫЫЫЫЫЫ[37m  [0mЫЫЫЫЫЫЫЫЫ
[6C[1;31mЫЫЫЫЭ[37m [31mЫЫЫЫЫЫЫЫЫЫЫЫЫЫЫЫЫЫЫЫЫЫЫЫЫЫЫЫЫЫЫЫЫЫЫЫЫЫЯЯ[37m [31mЮЫЫЫЫЫЫЫЫЫЫЫЫ [37m [0mЫЫЫЫЫЫЫЫЫЫ
[3C  [1;31mЮЫЫЫЫЭ[37m [31mЮЫЫЫЫЫЫЫЫЫЫЫЫЫЫЫЫЫЫЫЫЫЫЫЫЫЫЫЫЫЫЫЫЫЫЫ[37m   [31mЬЬЫЫЫ[0m [1;31mЫЫЫЫЫЫЫЫ[37m  [0mЫЫЫЫЫЫЫЫЫЫЫ
[3C [1m [31mЫЫЫЫЫЫ[37m  [31mЫЫЫЫЫЫЫЫЫЫЫЫЫЫЫЫЫЫЫЫЫЫЫЫЫЫЫЫЫЫЫЭЯЫЯЯЯЫЫЫЫЫЫЭЮЫЫЫЫЫЫ[37m  [0mЫЫЫЫЫЫЫЫЫЫЫЫ
[3C [1;31mЮЫЫЫЫЫЫЬ[37m  [31mЫЫЫЫЫЫЫЫЫЫЫЫЫЫЫЫЫЫЫЫЫЫЫЫЫЫЫЫЫЫЫЫЫЬЬЬЬЫЫЯ[37m  [31mЫЫЫЫЫЫЫ[0m [1m [0mЫЫЫЫЫЫЫЫЫЫЫЫЫ
[3C[1;31mЬЫЫЫЫЫЫЫЫЬ[37m  [31mЯЫЫЫЫЫЫЫЫЫЫЫЫЫЫЫЫЫЫЫЫЫЫЫЫЫЫЫЫЫЫЫЫЫЫЫЫЫЫЫЫЫЫЫЫЫЫ[37m  [0mЫЫЫЫЫЫЫЫЫЫЫЫЫЫ
 [1;31mЬЫЫЫЫЫЫЫЫЫЫЫЬ[37m   [31mЯЫЫЫЫЫЫЫЫЫЫЫЫЫЫЫЫЫЯЯЯЯЯЯЯЫЫЫЫЫЫЫЫЫЫЫЫЫЫЫЫЫЫЫ[37m  [0mЫЫЫЫЫЫЫЫЫЫЫЫЫЫЫ
[1;31m°ІЫЫЫЫЫЫЫЫЫЫЫЫЬ[37m    [31mЯЫЫЫЫЫЫЫЫЫЫЫЫЫЫЫЫЬ[37m [0;31m°°°[1;37m  [0;31mЬЬЬ[1;37m [31mЯЯЯЫЫЫЫЫЫЫЫЫЫ[37m  [0mЫЫЫЫЫЫЫЫЫЫЫЫЫЫЫЫ
[1m [31mІЫЫЫЫЫЫЫЫЫЫЫЫЫЬ[37m     [31mЯЫЫЫЫЫЫЫЫЫЫЫЫЫЫЫЫЬ[37m [0;31m±ІЬЬ[1;37m [0;31mЯЯЯЫЬЬ[1;37m [0m [1;31mЯЯЫЫЫЫ[37m  [0mЫЫЫЫЫЫЫЫЫЫЫЫЫЫЫЫЫ
[1m  [31mЫЫЫЫЫЫЫЫЫЫЫЫЫЫЬ[37m      [31mЯЫЫЫЫЫЫЫЫЫЫЫЫЫЫЫЫЬ[37m [0;31mЯЯЫЫЫЬЬЬ[1;37m   [31mЬЫЫЫЯ [0mЬЫЫЫЫЫЫЫЫЫЫЫЫЫЫЫЫЫЫ
[1mЬ [31mЯЫЫЫЫЫЫЫЫЫЫЫЫЫЫЬ[37m       [31mЯЫЫЫЫЫЫЫЫЫЫЫЫЫЫЫЫЬЬ[37m [0m [31mЯЯЯ[1;37m [31mЬЬЫЫЫЯ[37m [0mЬЫЫЫЫЫЫЫЫЫЫЫЫЫЫЫЫЫЫЫЫ
[1mЫЫ [31mЯЫЫЫЫЫЫЫЫЫЫЫЫЫЫЫЬ[37m       [31mЯЫЫЫЫЫЫЫЫЫЫЫЫЫЫЫЫЫЫЫЫЫЫЫЫЫЯ[37m [0mЬЫЫЫЫЫЫЫЫЫЫЫЫЫЫЫЫЫЫЫЫЫЫ
[1mЫЫЫ [31mЯЫЫЫЫЫЫЫЫЫЫЫЫЫЫЫЫЬ[37m        [31mЯЯЫЫЫЫЫЫЫЫЫЫЫЫЫЫЫЫЫЫЫЯ[37m [0mЬЫЫЫЫЫЫЫЫЫЫЫЫЫЫЫЫЫЫЫЫЫЫЫЫ
[1mЫЫЫЫ [31mЯЫЫЫЫЫЫЫЫЫЫЫЫЫЫЫЫЫЬ[37m          [31mЯЯЫЫЫЫЫЫЫЫЫЫЫЫЫЯ[37m [0mЬЫЫЫЫЫЫЫЫЫЫЫЫЫЫЫЫЫЫЫЫЫЫЫЫЫЫ
[1mЫЫЫЫЫ [31mЯЫЫЫЫЫЫЫЫЫЫЫЫЫЫЫЫЫЫЬ[37m            [31mЯЯЯЫЫЫЫЫЫЯ[37m [0mЬЫЫЫЫЫЫЫЫЫЫЫЫЫЫЫЫЫЫЫЫЫЫЫЫЫЫЫЫ
[1mЫЫЫЫЫЫ [31mЯЫЫЫЫЫЫЫЫЫЫЫЫЫЫЫЫЫЫЫЫЬЬ[37m     [0mЬЫЫЬЬЬ[1m      [0mЬЫЫЫЫЫЫЫЫЫЫЫЫЫЫЫЫЫЫЫЫЫЫЫЫЫЫЫЫЫЫ
[1mЫЫЫЫЫЫЫ [31mЯЫЫЫЫЫЫЫЫЫЫЫЫЫЫЫЫЫЫЫЫЫЫЫЭ[37m [0mЮЫЫЫЫЫЫЫЫЫЫЫЫЫЫЫЫЫЫЫЫЫЫЫЫЫЫЫЫЫЫЫЫЫЫЫЫЫЫЫЫЫЫЫ
[1mЫЫЫЫЫЫЫЫ [31mЯЫЫЫЫЫЫЫЫЫЫЫЫЫЫЫЫЫЫЫЫЫЫЭ[37m [0mЫЫЫЫЫЫЫЫЫЫЫЫЫЫЫЫЫЫЫЫЫЫЫЫЫЫЫЫЫЫЫЫЫЫЫЫЫЫЫЫЫЫЫЫ
[1mЫЫЫЫЫЫЫЫЫ [31mЯЫЫЫЫЫЫЫЫЫЫЫЫЫЫЫЫЫЫЫЫЫ[37m Ь [0mЯЫЫЫЫЫЫЫЫЫЫЫЫЫЫЫЫЫЫЫЫЫЫЫЫЫЫЫЫЫЫЫЫЫЫЫЫЫЫЫЫЫЫ
[1mЫЫЫЫЫЫЫЫЫЫ [31mЯЫЫЫЫЫЫЫЫЫЫЫЫЫЫЫЫЫЫЫЫ[37m ЫЫЬ [0mЯЫЫЫЫЫЫЫЫЫЫЫЫЫЫЫЫЫЫЫЫЫЫЫЫЫЫЫЫЫЫЫЫЫЫЫЫЫЫЫЫ
[1mЫЫЫЫЫЫЫЫЫЫЫ [31mЯЫЫЫЫЫ[37m  [31mЫЫЫЫЫІІЫЫЫЫЭ[37mЮЫЫЫЫЬ [0mЯЫЫЫЫЫЫЫЫЫЫЫЫЫЫЫЫЫЫЫЫЫЫЫЫЫЫЫЫЫЫЫЫЫЫЫЫЫЫ
[1mЫЫЫЫЫЫЫЫЫЫЫЫ [31mЯЫЫЫЫ[37m  [31mЫЫЫЫЫ[37m [31mЮЫЫЫЫ[37m ЫЫЫЫЫЫЫЬ [0mЯЫЫЫЫЫЫЫЫЫЫЫЫЫЫЫЫЫЫЫЫЫЫЫЫЫЫЫЫЫЫЫЫЫЫЫЫ
[1mЫЫЫЫЫЫЫЫЫЫЫЫЫ [31mЯЫЫЫЭ[37m [31mЮЫЫЫЭ[37m [31mЫЫЫЫЭ[37mЮЫЫЫЫЫЫЫЫЫЬ [0mЯЫЫЫЫЫЫЫЫЫЫЫЫЫЫЫЫЫЫЫЫЫЫЫЫЫЫЫЫЫЫЫЫЫЫ
[1mЫЫЫЫЫЫЫЫЯЯ   Ы [31mЯЫЫЭ[37m [31mЮЫЫЫ[37m [31mЮЫЫЫЫ[37m ЮЫЫЫЫЫЫЫЫЫЫЫЬ [0mЯЫЫЫЫЫЫЫЫЫЫЫЫЫЫЫЫЫЫЫЫЫЫЫЫЫЫЫЫЫЫЫЫ
[1mЫЫЫЫЯЯ      ЬЭ [31mЮЫЫЫ[37m  [31mЫЫІ[37m [31mЫЫЫЫЭ[37m ЫЫЫЫЫЫЫЫЫЫЫЫЫЫЬ [0mЯЯЫЫЫЫЫЫЫЫЫЫЫЫЫЫЫЫЫЫЫЫЫЫЫЫЫЫЫЫЫ
[1mЫЫЯ      ЬЬЫЫЭ [31mЮЫЫЫЭ[37m [31m°І[37m [31mЮЫЫЫЫ[37m ЮЫЫЫЫЫЫЫЫЫЫЫЫЫЫЫЫЬЬ [0mЯЫЫЫЫЫЫЫЫЫЫЫЫЫЫЫЫЫЫЫЫЫЫЫЫЫЫЫ
[1mЯ        ЮЫЫЫЫ  [31mЫЫЫЫ[37m  [31m°[37m [31mЫЫЫЫЭ[37m Ы  ЮЫЫЫЫЫЫЫЫЫЫЫЫЫЯ  [0mЮЫЫЫЫЫЫЫЫЫЫЫЫЫЫЫЫЫЫЫЫЫЫЫЫЫЫЫ
[1m       ЬЬ ЫЫЫЫЫЬ [31mЯЫЫЫ[37m  [31mЮЫЫЫЫЭ[37m ЮЭ  ЫЫЫЫЫЫЫЫЫЫЫЯ   [0mЬЫЫЫЫЫЫЫЫЫЫЫЫЫЫЫЫЫЫЫЫЫЫЫЫЫЫЫЫ
[1m        ЫЬ ЫЫЫЫЫЫЬ [31mЯЫЫ[37m [31mЫЫЫЫЫЭ[37m  Ы  ЮЫЫЫЫЫЫЫЫЯ   [0mЬЫЫЫЫЫЫЫЫЫЫЫЫЫЫЫЫЫЫЫЫЫЫЫЫЫЫЫЫЫЫ
[1m         ЫЬ ЫЫЫЫЫЫЫЬ [31mЫЬЬЫЫЫЯ[37m ЬЫЫ   ЫЫЫЫЯЯ     [0mЫЫЫЫЫЫЫЫЫЫЫЫЫЫЫЫЫЫЫЫЫЫЫЫЫЫЫЫЫЫЫЫ

[8C[1mAt this point.. You're on your own.  I KNOW you don't want to learn how[0m
[1mto shade like me because that isn't very cool. :)  If you do, what's wrong with[0m
[1myou?  Do you want to wear my fucking underwear too? Jesus, I show you how I [0m
[1moutline.. that's not enough for you?  Ungreatful fuck.  ;)[0m

[1mTill next time..[0m

[1monelove.[0m
[1msalvationx.[0m
[0mSAUCE00Pic Tutorial                       SalvationX          seviin              199905 8¤Љ                                    