[0m[40m[2J[H[1;36m                         .        [1;33m*[1;36m              .[0m
[1;34m            .        .-""""""""""""""""-.             [1;33m*[0m
[1;36m       *          .-"  [1;37m.--.[1;36m     [1;37m.--.[1;36m     "-.[0m
[0;36m               .'   .'    '. .'    '.       '.[0m
[0;36m              /    /  [1;34m.--.[0;36m  V  [1;34m.--.[0;36m  \        \[0m
[1;34m       .[0;36m     ;    |  [1;37m( DB )[0;36m   [1;37m( >_ )[0;36m |         ;    [1;34m.[0m
[0;36m             |     \  [1;34m'--'[0;36m .-. [1;34m'--'[0;36m  /          |[0m
[0;36m             ;      '.    [1;37m/___\[0;36m    .'          ;[0m
[0;36m              \        '-._____.-'            /[0m
[1;34m               '.             _             .'[0m
[1;34m                 '-._________/ \_________.-'[0m
[0;36m                        \   /     \   /[0m
[1;36m                         \_/  [1;37m>_[1;36m   \_/[0m

[1;37m     CCCCC   OOOO   SSSS  M   M  OOOO   SSSS     DDDD   BBBB[0m
[1;36m    C       O    O S      MM MM O    O S         D   D  B   B[0m
[1;34m    C       O    O  SSS   M M M O    O  SSS      D   D  BBBB[0m
[1;36m    C       O    O     S  M   M O    O     S     D   D  B   B[0m
[1;37m     CCCCC   OOOO  SSSS   M   M  OOOO  SSSS      DDDD   BBBB[0m

[1;34m                      S H E L L[0m  [0;36m// azure cosmos database console[0m
[1;30m                 ----------------------------------------------[0m
[1;36m                          >[1;37m connect --account stars[0m
