[m[2J[H[4l[m[?6l[1;0r[H[2J[33mÄ  Ä ÄÄÄÄÄÄÄÄÄÄÄÄÄÄÄÄÄÄÄÍÄÍÍÍÍÍÍÍÍÍÍÍÍÍÍÍÍÍÍÍÍÍÍÍÍÍÍÄÍÄÄÍÄÄÄÄÄÄÄÄÄÄÄÄÄÄÄÄÄ Ä  Ä
[32mBoARD [m:[32m[1m iCYtERM/rELEaSES[24C[m  [34mF[1mi[m[34mLES[1my[m[34mST[1me[m[34mM[m
[32mFiLES [m:[32m[1m 4[39C[m[34mCR[1ma[m[34mZY P[1ma[m[34mR[1ma[m[34mD[1mi[m[34mSE[m
[33mÄÄ[1mX[m[33mÄ[1m[[m[33mF[1mi[m[33mLEN[1ma[m[33mME[1m][m[33mÄÄÄÄÄÄÄÄÄÄÄÄÄÄÄÄÄÄÄÄ[1m[[m[33mD[1mn][m[33mÄÄ[1m[[m[33mS[1mi[m[33mZE[1m][m[33mÄÄ[1m[[m[33mK[1mo[m[33mMMENT[1ma[m[33mR[1m][m[33mÄÄÄÄÄÄÄÄÄÄÄÄÄÄÄÄÄÄÄÄ[m
 [20H[33mÄÄÄÄÄÄÄÄÄÄÄÄÄÄÄÄÄÄÄÄÄÄÄÄÄÄÄÄÄÄÄÄÄÄÄÄÄÄÄÄÄÄÄÄÄÄÄÄÄÄÄÄÄÄÄÄÄ[1m[[m[33mH[1m]i[m[33mLFE[1m [[m[33m0/5[1m][m[33mÄÄÄÄÄÄÄÄÄ[m[5;19r[5H[15L[2K [1m   [31micy_linux.zip[18C[m[31m  1[1C6623295[1C[32m [30C>[m
[2K [1m   [31micy_osx.zip[20C[m[31m  0[1C 13.27M[1C[32m [30C>[m
[2K [1m   [31micy_win.zip[20C[m[31m  1[1C6623295[1C[32m [30C>[m
[2K [1mL  [31mBOARDINFO[22C[m[31m  0[1C      0[1C[32m [30C[m
[5H[3C[33m[1m([26C)[m[31D