[30m[80D[35C[4h[P[80D[45C[4l [30m[80D[35C[4h[P[80D[45C[4l [30m[80D[35C[4h[P[80D[45C[4l [30m[80D[35C[4h[P[80D[45C[4l [30m[80D[35C[4h[P[80D[45C[4l 
[m[1;25r[4l[m[H[2J[1;25r[4l[m[H[2J[0;1;33m[40m[K
                                                      [30mл[40m[K
                                                     м[0mл[1;30mм[40m[K
     [0mмллм    [1mлл [0mм[1mллллллл [0mл[1mллллллм                    [0mл[1mл[0mл[40m[K
     лллл    [1mлл [0mлллп     лл[1mлл м  л   [31mмммммм   мм[0;31mллл  [1;30mп[0mл[1;30mп [31mмл[0;31mм[40m[K
     [0mлллл    [1mлл [0mлл[1;30mлл л   [0mлл[1mл[30mл [37mллл   [31mллл л [0;31mл[1mл ллл  [0;31mл  [1mм[0;31mлм [1mл[0;31mлл       [0;36mVERSiON[40m[K
     [0mлллл  [1;30mл лл [0mлл[1;30mлм     [0mллл[1;30mл [37mп  [30mл  [31mллл   [0;31mлл [1mллл  [0;31mл  [1mл[0;31mлл [1mл[0;31mлп[1mмм      [36mњњњњњ[40m[K
     [0mп[1;30mлллллллл  [0mп[1;30mллллллл [0mпл[1;30mлллллп   [31mплп   [0;31mпл [1mплллл[0;31mплм[1mпл[0;31mп [1mпллллл[40m[K
                                                            пп[40m[K
[40m[K
[40m[K
                        [0;31mDeSiGN bY mULTiDASHER 2007[40m[K
  [1;37mР[0mФФФ[1;30mФФФФФФФФФФФФФФФФФФФФФФФФФФФФФФФФФФФФФФФФФФФФФФФФФФФФФФФФФФФФФФФФФФФФ[0mФФФ[1mй[40m[K
   [0;33mLETZTE NACHRiCHT VON :                     [1mAM [0;33m:[40m[K
[40m[K
[40m[K
[40m[K
[40m[K
   [0;32mT[1mE[0;32mX[1mT [0;32mE[1mi[0;32mN[1mG[0;32mA[1mB[0;32mE :[40m[K
[0mкФФ[1;30mФФФФФФФФФФФФФФФФФФФФФФФФФФФФФФФФФФФФФФФФФФФФФФФФФФФФФФФФФФФФФФФФФФФФФФФФФ[0mФФП[s
Г[40m[K
[1mГ[40m[K
Р[40m[K[0m
[7;69H[30m[1m 2.o [m
[14;27H[35m[1mIRoN[14;50H10.Nov.2025 19:20:07
[16;10H[33m[1mund ZACK war der Strom weg[m
[36m
[21;8HWillst du auch eine Nachricht auf der Website hinterlassen ?
[22;30H[31m[1m<RETURN> = Abbruch[m


[19;19H[37;44m                                    
[19;19H[1m[4h