[6H[2K[35mบ[m   [32mSonic@ParadiseBBS.ath.cx         [m CP auf Youtube[26C[35mบ[m[4l[m[?6l[1;25r[H[2J[?7l[35mษอออออออออออออออออออออออออออออออออออออออออออออออออออออออออออออออออออออออออออออป
บ [36maNZaHL : [m149 / 3[25C[31m-NN-  [36mUHRZEiT:[10C/[14CaNSiCHT:[4C%[35m บ
ฬอออออออออออออออออออออออออออออออออออออออออออออออออออออออออออออออออออออออออออออน
บ [36mX ABSeNDeR[26CTHeMA[21CReSTZEiT:[5C[35mบ
ฬอออออออออออออออออออออออออออออออออออออออออออออออออออออออออออออออออออออออออออออน[13Hฬอออออออออออออออออออออออออออออออออออออออออออออออออออออออออออออออออออออออออออออน
บ [32m:Crazy-Paradise/Allgemein[50C[35m บ
ศอออออออออออออออออออออออออออออออออออออออออออออออออออออออออออออออออออออออออออออผ[6;12r[m[2;41H19:22:16[3C10.Nov.2025[1C[4;75Ho.E[6H[7M[6H[6H[2K[35mบ[m   [32mSonic@ParadiseBBS.ath.cx         [m CP auf Youtube[26C[35mบ[m[7H[2K[35mบ[m   ร[32mERNIE@ParadiseBBS.ath.cx        [m CP auf Youtube[26C[35mบ[m[8H[2K[35mบ[m   ณภ[32mSonic@ParadiseBBS.ath.cx       [m CP auf Youtube[26C[35mบ[m[9H[2K[35mบ[m   ณ ภ[32mERNIE@ParadiseBBS.ath.cx      [m CP auf Youtube[26C[35mบ[m[10H[2K[35mบ[m   ณ  ภ[32mSonic@ParadiseBBS.ath.cx     [m CP auf Youtube[26C[35mบ[m[11H[2K[35mบ[m   ภ[32mBobtech@ParadiseBBS.ath.cx      [m CP auf Youtube[26C[35mบ[m[12H[2K[35mบ[m    ภ[32mSonic@ParadiseBBS.ath.cx       [m CP auf Youtube[26C[35mบ[m[2;74H  5[16;25r[13H


[J[m[33mN[1m[33ma[m[33mCHR[1m[33mi[m[33mCHT[m [1m:[m [36m414[45C[m [33mLA[1m[33me[m[33mNGE[m[1m:[m [36m333[m
[33mAB[1m[33ms[m[33mEND[1m[33me[m[33mR[m  [1m:[m [36mSonic@ParadiseBBS.ath.cx[24C[m [33mD[1m[33ma[m[33mTUM[m [1m:[m [36m23.Mar.13[m
[33mE[1m[33mm[m[33mPF[1m[33ma[m[33mENG[1m[33me[m[33mR[m[1m:[m [36mSonic@ParadiseBBS.ath.cx[24C[m [33mZE[1m[33mi[m[33mT[m  [1m:[m [36m23:27:37[m
[33mTH[1m[33me[m[33mMA[m     [1m:[36m CP auf Youtube[53C[m
[m[35m~~~~~~~~~~~~~~~~~~~~~~~~~~~~~~~~~~~~~~~~~~~~~~~~~~~~~~~~~~~~~~~~~~~~~~~~~~~~~~~[m
WOW...

Gerade erstmal direkt nen Schock bekommen.
Das Video fuer die CP wurd schon weit ueber 200 mal angesehen, haette niemals 
mit annaehernd so viel gerechnet.[m[6;12r[6H[C>[D