[m[2J[H[4l[m[?6l[1;25r[H[2J[?7l[35mษอออออออออออออออออออออออออออออออออออออออออออออออออออออออออออออออออออออออออออออป
บ [36maNZaHL : [m149 / 38[25C[31m-NN-  [36mUHRZEiT:[10C/[14CaNSiCHT:[4C%[35m บ
ฬอออออออออออออออออออออออออออออออออออออออออออออออออออออออออออออออออออออออออออออน
บ [36mX ABSeNDeR[26CTHeMA[21CReSTZEiT:[5C[35mบ
ฬอออออออออออออออออออออออออออออออออออออออออออออออออออออออออออออออออออออออออออออน[13Hฬอออออออออออออออออออออออออออออออออออออออออออออออออออออออออออออออออออออออออออออน
บ [32m:iCYtERM/sUPPoRT[59C[35m บ
ศอออออออออออออออออออออออออออออออออออออออออออออออออออออออออออออออออออออออออออออผ[6;12r[m[2;41H19:17:42[3C29.Nov.2025[1C[4;75Ho.E[6H[7M[6H[6H[2K[35mบ[m   [33mIRoN                             [m icy term 0.1.2[26C[35mบ[m[7H[2K[35mบ[m   ภ[32mOmnibrain                       [m icy term 0.1.2[26C[35mบ[m[8H[2K[35mบ[m  * ภ[31mIRoN                           [m icy term 0.1.2[26C[35mบ[m[9H[2K[35mบ[m   [33mOmnibrain                        [m 0.1.3[35C[35mบ[m[10H[2K[35mบ[m  *ภ[31mIRoN                            [m 0.1.3[35C[35mบ[m[11H[2K[35mบ[m    ภ[32mOmnibrain                      [m 0.1.3[35C[35mบ[m[12H[2K[35mบ[m  *  ภ[31mIRoN                          [m 0.1.3[35C[35mบ[m[2;74H  5[16;25r[13H


[J[m[33mN[1m[33ma[m[33mCHR[1m[33mi[m[33mCHT[m [1m:[m [36m1[47C[m [33mLA[1m[33me[m[33mNGE[m[1m:[m [36m1131[m
[33mAB[1m[33ms[m[33mEND[1m[33me[m[33mR[m  [1m:[m [36mIRoN@Paradise.cpbbs.de[26C[m [33mD[1m[33ma[m[33mTUM[m [1m:[m [36m7.Nov.22[m
[33mE[1m[33mm[m[33mPF[1m[33ma[m[33mENG[1m[33me[m[33mR[m[1m:[m [36mall[45C[m [33mZE[1m[33mi[m[33mT[m  [1m:[m [36m22:09:11[m
[33mTH[1m[33me[m[33mMA[m     [1m:[36m icy term 0.1.2[53C[m
[m[35m~~~~~~~~~~~~~~~~~~~~~~~~~~~~~~~~~~~~~~~~~~~~~~~~~~~~~~~~~~~~~~~~~~~~~~~~~~~~~~~[m
Joo .. 

Habe gerade die v0.1.2 am laufen.

mY FeeDBaCK[m[6;12r[6H[C>[D[6H[2K[35mบ[m   [33mIRoN                             [m icy term 0.1.2[26C[35mบ[m[13H
[2K[35mบ [33mNaCHRiCHT aN :[62C[35mบ[m[62D