[1;25r[4l[m[H[2J[7mPRO-EDITOR II V1.15   [Hilfe: CTRL-KH]   Restzeit: o.E Min.     (c) 1989-1991   [22HBReTTNaME: :iCYtERM/sUPPoRT                                                     [2;21r[37;40m[m[4l[2H[20L
[4h[2H1

[L2

[L3

[L4

[L5

[L6

[L7

[L8

[L9

[L0

[L1

[L2

[L3

[L4

[L5

[L6

[L7

[L8

[L9

[LScreen END !

[A[L[B
[A[L[B
[A[L[B
[A[L[B
[A[L[B
[A[L[B
[A[L[B
[A[L[B
[A[L[B
[A[L[B
[A[L[B
[A[L[B
[A[L[B
[A[L[B
[A[L[B
[A[L[B
[A[L[B
[A[L[BEnd2